<!doctype html public "-//w3c//dtd html 4.0 transitional//en">
<html><head>
<title>Static Call Graph - [Lab4\Lab4.axf]</title></head>
<body><HR>
<H1>Static Call Graph for image Lab4\Lab4.axf</H1><HR>
<BR><P>#&#060CALLGRAPH&#062# ARM Linker, 5060750: Last Updated: Fri Dec 27 20:54:27 2019
<BR><P>
<H3>Maximum Stack Usage =        432 bytes + Unknown(Functions without stacksize, Cycles, Untraceable Function Pointers)</H3><H3>
Call chain for Maximum Stack Depth:</H3>
main &rArr; GRAPHICS_MainTask &rArr; BSP_Touch_Update &rArr; BSP_TS_GetState &rArr; BSP_TS_Get_GestureId &rArr; ft5336_TS_GetGestureID &rArr; TS_IO_Read &rArr; I2Cx_ReadMultiple &rArr; HAL_I2C_Mem_Read &rArr; I2C_RequestMemoryRead &rArr; I2C_WaitOnTXISFlagUntilTimeout &rArr; I2C_IsAcknowledgeFailed
<P>
<H3>
Functions with no stack information
</H3><UL>
 <LI><a href="#[8d]">BUTTON_Callback</a>
 <LI><a href="#[cf]">BUTTON_CreateIndirect</a>
 <LI><a href="#[e]">BUTTON_DrawSkinFlex</a>
 <LI><a href="#[8e]">FRAMEWIN_Callback</a>
 <LI><a href="#[ce]">FRAMEWIN_CreateIndirect</a>
 <LI><a href="#[10]">FRAMEWIN_DrawSkinFlex</a>
 <LI><a href="#[192]">FRAMEWIN_GetActive</a>
 <LI><a href="#[18c]">FRAMEWIN__CalcPositions</a>
 <LI><a href="#[19b]">FRAMEWIN__CalcTitleHeight</a>
 <LI><a href="#[f]">FRAMEWIN__GetBorderSize</a>
 <LI><a href="#[199]">FRAMEWIN__GetTitleLimits</a>
 <LI><a href="#[1a2]">GL_DrawLine1Ex</a>
 <LI><a href="#[1a3]">GL_DrawPoint</a>
 <LI><a href="#[1a5]">GL_FillCircle</a>
 <LI><a href="#[1da]">GL_FillPolygon</a>
 <LI><a href="#[1a6]">GL_SetDefault</a>
 <LI><a href="#[37a]">GUICC_M1555I_SetCustColorConv</a>
 <LI><a href="#[37c]">GUICC_M4444I_SetCustColorConv</a>
 <LI><a href="#[37b]">GUICC_M565_SetCustColorConv</a>
 <LI><a href="#[37e]">GUICC_M8888I_SetCustColorConv</a>
 <LI><a href="#[37d]">GUICC_M888_SetCustColorConv</a>
 <LI><a href="#[13a]">GUIMONO_DispChar</a>
 <LI><a href="#[13b]">GUIMONO_GetCharDistX</a>
 <LI><a href="#[13c]">GUIMONO_GetFontInfo</a>
 <LI><a href="#[13d]">GUIMONO_IsInFont</a>
 <LI><a href="#[136]">GUIPROP_DispChar</a>
 <LI><a href="#[137]">GUIPROP_GetCharDistX</a>
 <LI><a href="#[138]">GUIPROP_GetFontInfo</a>
 <LI><a href="#[139]">GUIPROP_IsInFont</a>
 <LI><a href="#[1ad]">GUI_ALLOC_AllocNoInit</a>
 <LI><a href="#[1af]">GUI_ALLOC_AllocZero</a>
 <LI><a href="#[2db]">GUI_ALLOC_AssignMemory</a>
 <LI><a href="#[1b0]">GUI_ALLOC_Free</a>
 <LI><a href="#[1d1]">GUI_ALLOC_FreeFixedBlock</a>
 <LI><a href="#[170]">GUI_ALLOC_FreePtr</a>
 <LI><a href="#[171]">GUI_ALLOC_FreePtrArray</a>
 <LI><a href="#[1b2]">GUI_ALLOC_GetFixedBlock</a>
 <LI><a href="#[1b5]">GUI_ALLOC_GetMaxSize</a>
 <LI><a href="#[24a]">GUI_ALLOC_GetSize</a>
 <LI><a href="#[16d]">GUI_ALLOC_LockH</a>
 <LI><a href="#[1b6]">GUI_ALLOC_RequestSize</a>
 <LI><a href="#[16e]">GUI_ALLOC_UnlockH</a>
 <LI><a href="#[1cd]">GUI_ALLOC_h2p</a>
 <LI><a href="#[1b7]">GUI_BMP_Draw</a>
 <LI><a href="#[1b9]">GUI_BMP_GetXSize</a>
 <LI><a href="#[1bb]">GUI_BMP_GetYSize</a>
 <LI><a href="#[90]">GUI_BMP__GetData</a>
 <LI><a href="#[1bc]">GUI_BMP__Init</a>
 <LI><a href="#[1be]">GUI_CURSOR_SetPositionEx</a>
 <LI><a href="#[2a6]">GUI_CalcColorDist</a>
 <LI><a href="#[1a0]">GUI_Clear</a>
 <LI><a href="#[1c5]">GUI_ClearRect</a>
 <LI><a href="#[1c6]">GUI_CreateDialogBox</a>
 <LI><a href="#[1ce]">GUI_DEVICE_Create</a>
 <LI><a href="#[1cf]">GUI_DEVICE_CreateAndLink</a>
 <LI><a href="#[1d0]">GUI_DEVICE_Delete</a>
 <LI><a href="#[1f6]">GUI_DEVICE_Link</a>
 <LI><a href="#[25e]">GUI_DEVICE_Unlink</a>
 <LI><a href="#[1fc]">GUI_DEVICE__GetpDriver</a>
 <LI><a href="#[181]">GUI_DRAW__Draw</a>
 <LI><a href="#[1d2]">GUI_Delay</a>
 <LI><a href="#[17f]">GUI_DispStringInRect</a>
 <LI><a href="#[17a]">GUI_DrawGradientV</a>
 <LI><a href="#[184]">GUI_DrawHLine</a>
 <LI><a href="#[1d9]">GUI_DrawLine</a>
 <LI><a href="#[195]">GUI_DrawPixel</a>
 <LI><a href="#[179]">GUI_DrawRect</a>
 <LI><a href="#[185]">GUI_DrawVLine</a>
 <LI><a href="#[1d4]">GUI_Exec</a>
 <LI><a href="#[186]">GUI_FillRect</a>
 <LI><a href="#[194]">GUI_FillRectEx</a>
 <LI><a href="#[229]">GUI_GetBitmapPixelIndex</a>
 <LI><a href="#[21b]">GUI_GetBitsPerPixelEx</a>
 <LI><a href="#[1ac]">GUI_GetBkColor</a>
 <LI><a href="#[247]">GUI_GetCharDistX</a>
 <LI><a href="#[248]">GUI_GetCharDistXEx</a>
 <LI><a href="#[17c]">GUI_GetClientRect</a>
 <LI><a href="#[1ab]">GUI_GetColor</a>
 <LI><a href="#[1bf]">GUI_GetCursorLayer</a>
 <LI><a href="#[379]">GUI_GetDrawMode</a>
 <LI><a href="#[23e]">GUI_GetFontDistY</a>
 <LI><a href="#[1e0]">GUI_GetLayerPosEx</a>
 <LI><a href="#[204]">GUI_GetOrg</a>
 <LI><a href="#[239]">GUI_GetVersionString</a>
 <LI><a href="#[19a]">GUI_GetYSizeOfFont</a>
 <LI><a href="#[21d]">GUI_GetpfColor2IndexEx</a>
 <LI><a href="#[21c]">GUI_GetpfIndex2ColorEx</a>
 <LI><a href="#[1c2]">GUI_GotoXY</a>
 <LI><a href="#[1e2]">GUI_Init</a>
 <LI><a href="#[1ee]">GUI_MEASDEV_Create</a>
 <LI><a href="#[1ef]">GUI_MEMDEV_Clear</a>
 <LI><a href="#[1f0]">GUI_MEMDEV_CopyToLCD</a>
 <LI><a href="#[1fa]">GUI_MEMDEV_Create</a>
 <LI><a href="#[1fd]">GUI_MEMDEV_CreateEx</a>
 <LI><a href="#[1fe]">GUI_MEMDEV_CreateFixed</a>
 <LI><a href="#[1ff]">GUI_MEMDEV_Delete</a>
 <LI><a href="#[201]">GUI_MEMDEV_Draw</a>
 <LI><a href="#[20c]">GUI_MEMDEV_GetBitsPerPixel</a>
 <LI><a href="#[20e]">GUI_MEMDEV_GetDataPtr</a>
 <LI><a href="#[20f]">GUI_MEMDEV_GetXPos</a>
 <LI><a href="#[210]">GUI_MEMDEV_GetYPos</a>
 <LI><a href="#[205]">GUI_MEMDEV_GetYSize</a>
 <LI><a href="#[a1]">GUI_MEMDEV_Paint1Static</a>
 <LI><a href="#[207]">GUI_MEMDEV_ReduceYSize</a>
 <LI><a href="#[206]">GUI_MEMDEV_Select</a>
 <LI><a href="#[208]">GUI_MEMDEV_SetOrg</a>
 <LI><a href="#[213]">GUI_MEMDEV_Write</a>
 <LI><a href="#[218]">GUI_MEMDEV_WriteAt</a>
 <LI><a href="#[1fb]">GUI_MEMDEV__CreateFixed</a>
 <LI><a href="#[b9]">GUI_MEMDEV__WriteToActiveAlpha</a>
 <LI><a href="#[217]">GUI_MEMDEV__WriteToActiveAt</a>
 <LI><a href="#[b8]">GUI_MEMDEV__WriteToActiveOpaque</a>
 <LI><a href="#[31c]">GUI_MULTIBUF_ConfirmEx</a>
 <LI><a href="#[294]">GUI_MergeRect</a>
 <LI><a href="#[17d]">GUI_MoveRect</a>
 <LI><a href="#[281]">GUI_PID_GetState</a>
 <LI><a href="#[280]">GUI_PID_IsEmpty</a>
 <LI><a href="#[2da]">GUI_PID_IsPressed</a>
 <LI><a href="#[220]">GUI_PID_StoreState</a>
 <LI><a href="#[223]">GUI_PollKeyMsg</a>
 <LI><a href="#[225]">GUI_ReadRectEx</a>
 <LI><a href="#[29b]">GUI_RectsIntersect</a>
 <LI><a href="#[227]">GUI_RestoreContext</a>
 <LI><a href="#[1c1]">GUI_SPRITE_SetPosition</a>
 <LI><a href="#[22c]">GUI_SaveContext_W</a>
 <LI><a href="#[1f9]">GUI_SelectLCD</a>
 <LI><a href="#[1f3]">GUI_SelectLayer</a>
 <LI><a href="#[22e]">GUI_SetBkColor</a>
 <LI><a href="#[178]">GUI_SetColor</a>
 <LI><a href="#[1f2]">GUI_SetDrawMode</a>
 <LI><a href="#[17b]">GUI_SetFont</a>
 <LI><a href="#[37f]">GUI_SetFuncDrawAlpha</a>
 <LI><a href="#[1c0]">GUI_SetLayerPosEx</a>
 <LI><a href="#[1ec]">GUI_SetOrg</a>
 <LI><a href="#[2d9]">GUI_SetPenSize</a>
 <LI><a href="#[17e]">GUI_SetTextMode</a>
 <LI><a href="#[221]">GUI_SignalEvent</a>
 <LI><a href="#[173]">GUI_StoreKey</a>
 <LI><a href="#[230]">GUI_TIMER_Delete</a>
 <LI><a href="#[231]">GUI_TIMER_GetFlag</a>
 <LI><a href="#[232]">GUI_TIMER__GetFirstTimer</a>
 <LI><a href="#[233]">GUI_TIMER__GetNextTimerLin</a>
 <LI><a href="#[234]">GUI_TOUCH_StoreStateEx</a>
 <LI><a href="#[246]">GUI_UC__GetCharCodeInc</a>
 <LI><a href="#[23f]">GUI_UC__NumChars2NumBytes</a>
 <LI><a href="#[2a9]">GUI_USAGE_AddRect</a>
 <LI><a href="#[219]">GUI_USAGE_BM_Create</a>
 <LI><a href="#[200]">GUI_USAGE_DecUseCnt</a>
 <LI><a href="#[236]">GUI__AllocAlphaBuffer</a>
 <LI><a href="#[211]">GUI__AlphaPreserveTrans</a>
 <LI><a href="#[21e]">GUI__CompactPixelIndices</a>
 <LI><a href="#[2b1]">GUI__CompactPixelIndicesEx</a>
 <LI><a href="#[1e3]">GUI__Config</a>
 <LI><a href="#[23c]">GUI__DispLine</a>
 <LI><a href="#[1d8]">GUI__DispStringInRect</a>
 <LI><a href="#[243]">GUI__DoAlphaBlending</a>
 <LI><a href="#[193]">GUI__DrawTwinArc2</a>
 <LI><a href="#[183]">GUI__DrawTwinArc4</a>
 <LI><a href="#[244]">GUI__ExpandPixelIndicesEx</a>
 <LI><a href="#[242]">GUI__GetLineDistX</a>
 <LI><a href="#[241]">GUI__GetLineNumChars</a>
 <LI><a href="#[240]">GUI__HandleEOLine</a>
 <LI><a href="#[276]">GUI__IntersectRect</a>
 <LI><a href="#[1d7]">GUI__IntersectRects</a>
 <LI><a href="#[249]">GUI__ManageCache</a>
 <LI><a href="#[b]">GUI__MixColors</a>
 <LI><a href="#[c]">GUI__MixColorsBulk</a>
 <LI><a href="#[1bd]">GUI__Read16</a>
 <LI><a href="#[1ba]">GUI__Read32</a>
 <LI><a href="#[268]">GUI__ReduceRect</a>
 <LI><a href="#[222]">GUI__RegisterExit</a>
 <LI><a href="#[176]">GUI__SetText</a>
 <LI><a href="#[24c]">GUI__memset</a>
 <LI><a href="#[2aa]">GUI__memset16</a>
 <LI><a href="#[245]">GUI__sqrt32</a>
 <LI><a href="#[99]">IMAGE_Callback</a>
 <LI><a href="#[d0]">IMAGE_CreateIndirect</a>
 <LI><a href="#[24e]">IMAGE_SetBMP</a>
 <LI><a href="#[24f]">IMAGE__FreeAttached</a>
 <LI><a href="#[250]">IMAGE__SetWindowSize</a>
 <LI><a href="#[1e]">LCD_AA_MixColors16</a>
 <LI><a href="#[238]">LCD_AA_SetOrMask</a>
 <LI><a href="#[259]">LCD_Color2Index</a>
 <LI><a href="#[dc]">LCD_Color2Index_8666</a>
 <LI><a href="#[1a9]">LCD_DrawBitmap</a>
 <LI><a href="#[112]">LCD_DrawHLine</a>
 <LI><a href="#[113]">LCD_DrawPixel</a>
 <LI><a href="#[1a4]">LCD_DrawVLine</a>
 <LI><a href="#[1aa]">LCD_FillRect</a>
 <LI><a href="#[251]">LCD_GetBitsPerPixelEx</a>
 <LI><a href="#[1dc]">LCD_GetBkColorIndex</a>
 <LI><a href="#[1df]">LCD_GetColorIndex</a>
 <LI><a href="#[252]">LCD_GetMirrorXEx</a>
 <LI><a href="#[253]">LCD_GetMirrorYEx</a>
 <LI><a href="#[254]">LCD_GetNumColors</a>
 <LI><a href="#[255]">LCD_GetNumColorsEx</a>
 <LI><a href="#[256]">LCD_GetNumLayers</a>
 <LI><a href="#[257]">LCD_GetPalette</a>
 <LI><a href="#[1e1]">LCD_GetPosEx</a>
 <LI><a href="#[258]">LCD_GetSwapXYEx</a>
 <LI><a href="#[20a]">LCD_GetVXSizeEx</a>
 <LI><a href="#[237]">LCD_GetVXSizeMax</a>
 <LI><a href="#[20b]">LCD_GetVYSizeEx</a>
 <LI><a href="#[214]">LCD_GetXSize</a>
 <LI><a href="#[1e7]">LCD_GetXSizeDisplay</a>
 <LI><a href="#[202]">LCD_GetXSizeEx</a>
 <LI><a href="#[1e9]">LCD_GetXSizeMax</a>
 <LI><a href="#[215]">LCD_GetYSize</a>
 <LI><a href="#[1e8]">LCD_GetYSizeDisplay</a>
 <LI><a href="#[203]">LCD_GetYSizeEx</a>
 <LI><a href="#[1ea]">LCD_GetYSizeMax</a>
 <LI><a href="#[a]">LCD_GetpPalConvTableBM</a>
 <LI><a href="#[25a]">LCD_GetpfColor2IndexEx</a>
 <LI><a href="#[1dd]">LCD_Index2Color</a>
 <LI><a href="#[f6]">LCD_Index2Color_565</a>
 <LI><a href="#[dd]">LCD_Index2Color_8666</a>
 <LI><a href="#[fb]">LCD_Index2Color_888</a>
 <LI><a href="#[100]">LCD_Index2Color_8888</a>
 <LI><a href="#[2a8]">LCD_Index2Color_M555</a>
 <LI><a href="#[105]">LCD_Index2Color_M565</a>
 <LI><a href="#[95]">LCD_Index2Color_M888</a>
 <LI><a href="#[96]">LCD_Index2Color_M8888I</a>
 <LI><a href="#[25b]">LCD_InitColors</a>
 <LI><a href="#[25c]">LCD_InitLUT</a>
 <LI><a href="#[22d]">LCD_SelectLCD</a>
 <LI><a href="#[19f]">LCD_SetBkColor</a>
 <LI><a href="#[265]">LCD_SetBkColorIndex</a>
 <LI><a href="#[25f]">LCD_SetClipRectEx</a>
 <LI><a href="#[1f8]">LCD_SetClipRectMax</a>
 <LI><a href="#[1a7]">LCD_SetColor</a>
 <LI><a href="#[264]">LCD_SetColorIndex</a>
 <LI><a href="#[260]">LCD_SetDevFunc</a>
 <LI><a href="#[1eb]">LCD_SetDisplaySize</a>
 <LI><a href="#[1a8]">LCD_SetDrawMode</a>
 <LI><a href="#[25d]">LCD_SetLUTEntryEx</a>
 <LI><a href="#[22f]">LCD_SetPosEx</a>
 <LI><a href="#[261]">LCD_SetSizeEx</a>
 <LI><a href="#[262]">LCD_SetVRAMAddrEx</a>
 <LI><a href="#[263]">LCD_SetVSizeEx</a>
 <LI><a href="#[1f7]">LCD_UpdateColorIndices</a>
 <LI><a href="#[21f]">LCD__DrawBitmap_1bpp</a>
 <LI><a href="#[20d]">LCD__GetBPPDevice</a>
 <LI><a href="#[172]">WIDGET_AndState</a>
 <LI><a href="#[16a]">WIDGET_HandleActive</a>
 <LI><a href="#[16c]">WIDGET_OrState</a>
 <LI><a href="#[175]">WIDGET__Init</a>
 <LI><a href="#[1f4]">WM_Activate</a>
 <LI><a href="#[269]">WM_BringToBottom</a>
 <LI><a href="#[18a]">WM_BringToTop</a>
 <LI><a href="#[174]">WM_CreateWindowAsChild</a>
 <LI><a href="#[1f5]">WM_Deactivate</a>
 <LI><a href="#[16b]">WM_DefaultProc</a>
 <LI><a href="#[1c9]">WM_DeleteWindow</a>
 <LI><a href="#[191]">WM_DisableMemdev</a>
 <LI><a href="#[1db]">WM_Exec</a>
 <LI><a href="#[26e]">WM_ForEachDesc</a>
 <LI><a href="#[27f]">WM_GetActiveWindow</a>
 <LI><a href="#[1de]">WM_GetClientRect</a>
 <LI><a href="#[24d]">WM_GetClientRectEx</a>
 <LI><a href="#[1c7]">WM_GetClientWindow</a>
 <LI><a href="#[1ca]">WM_GetDesktopWindow</a>
 <LI><a href="#[296]">WM_GetDesktopWindowEx</a>
 <LI><a href="#[27a]">WM_GetDialogItem</a>
 <LI><a href="#[19c]">WM_GetFirstChild</a>
 <LI><a href="#[1cc]">WM_GetFocusedWindow</a>
 <LI><a href="#[27c]">WM_GetId</a>
 <LI><a href="#[19d]">WM_GetNextSibling</a>
 <LI><a href="#[19e]">WM_GetParent</a>
 <LI><a href="#[212]">WM_GetWindowOrgX</a>
 <LI><a href="#[27d]">WM_GetWindowRectEx</a>
 <LI><a href="#[27e]">WM_GetWindowSizeX</a>
 <LI><a href="#[198]">WM_GetWindowSizeY</a>
 <LI><a href="#[91]">WM_HandlePID</a>
 <LI><a href="#[29a]">WM_HasCaptured</a>
 <LI><a href="#[18f]">WM_HasFocus</a>
 <LI><a href="#[1ed]">WM_Init</a>
 <LI><a href="#[177]">WM_InvalidateWindow</a>
 <LI><a href="#[28c]">WM_InvalidateWindowAndDescsEx</a>
 <LI><a href="#[28d]">WM_IsFocusable</a>
 <LI><a href="#[18e]">WM_IsWindow</a>
 <LI><a href="#[28f]">WM_MoveWindow</a>
 <LI><a href="#[16f]">WM_NotifyParent</a>
 <LI><a href="#[224]">WM_OnKey</a>
 <LI><a href="#[284]">WM_PID__SetPrevState</a>
 <LI><a href="#[288]">WM_ReleaseCapture</a>
 <LI><a href="#[292]">WM_ResizeWindow</a>
 <LI><a href="#[286]">WM_Screen2hWin</a>
 <LI><a href="#[298]">WM_SelectWindow</a>
 <LI><a href="#[279]">WM_SendMessage</a>
 <LI><a href="#[1cb]">WM_SendMessageNoPara</a>
 <LI><a href="#[271]">WM_SendToParent</a>
 <LI><a href="#[299]">WM_SetCapture</a>
 <LI><a href="#[18b]">WM_SetCaptureMove</a>
 <LI><a href="#[187]">WM_SetFocus</a>
 <LI><a href="#[190]">WM_SetFocusOnNextChild</a>
 <LI><a href="#[1a1]">WM_SetFocusOnPrevChild</a>
 <LI><a href="#[182]">WM_SetHasTrans</a>
 <LI><a href="#[216]">WM_SetSize</a>
 <LI><a href="#[1d6]">WM_SetUserClipRect</a>
 <LI><a href="#[1c8]">WM_ShowWindow</a>
 <LI><a href="#[29f]">WM_ValidateWindow</a>
 <LI><a href="#[2a0]">WM__ActivateClipRect</a>
 <LI><a href="#[282]">WM__AddCriticalHandle</a>
 <LI><a href="#[273]">WM__DeleteAssocTimer</a>
 <LI><a href="#[278]">WM__ForEachDesc</a>
 <LI><a href="#[270]">WM__GetClientRectEx</a>
 <LI><a href="#[267]">WM__GetClientRectWin</a>
 <LI><a href="#[29c]">WM__GetFocusedChild</a>
 <LI><a href="#[29e]">WM__GetLastSibling</a>
 <LI><a href="#[1c4]">WM__GetNextIVR</a>
 <LI><a href="#[26a]">WM__GetPrevSibling</a>
 <LI><a href="#[29d]">WM__GetTopLevelLayer</a>
 <LI><a href="#[196]">WM__GetWindowSizeX</a>
 <LI><a href="#[197]">WM__GetWindowSizeY</a>
 <LI><a href="#[1c3]">WM__InitIVRSearch</a>
 <LI><a href="#[26d]">WM__InsertWindowIntoList</a>
 <LI><a href="#[28a]">WM__InvalidateDrawAndDescs</a>
 <LI><a href="#[291]">WM__InvalidateParent</a>
 <LI><a href="#[274]">WM__InvalidateRect</a>
 <LI><a href="#[26b]">WM__InvalidateRectEx</a>
 <LI><a href="#[189]">WM__IsAncestor</a>
 <LI><a href="#[188]">WM__IsAncestorOrSelf</a>
 <LI><a href="#[180]">WM__IsEnabled</a>
 <LI><a href="#[28e]">WM__IsWindow</a>
 <LI><a href="#[a2]">WM__Paint1</a>
 <LI><a href="#[285]">WM__RemoveCriticalHandle</a>
 <LI><a href="#[26c]">WM__RemoveWindowFromList</a>
 <LI><a href="#[18d]">WM__SendMessage</a>
 <LI><a href="#[287]">WM__SendMessageIfEnabled</a>
 <LI><a href="#[209]">WM__SendMessageNoPara</a>
 <LI><a href="#[295]">WM__SendMsgNoData</a>
 <LI><a href="#[283]">WM__SendTouchMessage</a>
 <LI><a href="#[266]">WM__UpdateChildPositions</a>
 <LI><a href="#[1e6]">emWin_LCD_Init</a>
 <LI><a href="#[d1]">_Color2Index_1616I</a>
 <LI><a href="#[d2]">_Index2Color_1616I</a>
 <LI><a href="#[d3]">_GetIndexMask_1616I</a>
 <LI><a href="#[d4]">_Color2IndexBulk_1616I</a>
 <LI><a href="#[d5]">_Index2ColorBulk_1616I</a>
 <LI><a href="#[d6]">_Color2Index_822216</a>
 <LI><a href="#[d7]">_Index2Color_822216</a>
 <LI><a href="#[d8]">_GetIndexMask_822216</a>
 <LI><a href="#[d9]">_Color2Index_84444</a>
 <LI><a href="#[db]">_GetIndexMask_84444</a>
 <LI><a href="#[da]">_Index2Color_84444</a>
 <LI><a href="#[de]">_GetIndexMask_8666</a>
 <LI><a href="#[e1]">_GetIndexMask_8666_1</a>
 <LI><a href="#[df]">_Color2Index_8666_1</a>
 <LI><a href="#[e0]">_Index2Color_8666_1</a>
 <LI><a href="#[e2]">_Color2Index_88666I</a>
 <LI><a href="#[e3]">_Index2Color_88666I</a>
 <LI><a href="#[e4]">_GetIndexMask_88666I</a>
 <LI><a href="#[e5]">_Color2IndexBulk_88666I</a>
 <LI><a href="#[e6]">_Index2ColorBulk_88666I</a>
 <LI><a href="#[e7]">_Color2Index_M1555I</a>
 <LI><a href="#[e8]">_Index2Color_M1555I</a>
 <LI><a href="#[e9]">_GetIndexMask_M1555I</a>
 <LI><a href="#[ea]">_Color2IndexBulk_M1555I</a>
 <LI><a href="#[eb]">_Index2ColorBulk_M1555I</a>
 <LI><a href="#[ec]">_Color2Index_M4444I</a>
 <LI><a href="#[ed]">_Index2Color_M4444I</a>
 <LI><a href="#[ee]">_GetIndexMask_M4444I</a>
 <LI><a href="#[ef]">_Color2IndexBulk_M4444I</a>
 <LI><a href="#[f0]">_Index2ColorBulk_M4444I</a>
 <LI><a href="#[f1]">_Color2Index_M8888I</a>
 <LI><a href="#[f2]">_GetIndexMask_M8888I</a>
 <LI><a href="#[f3]">_Color2IndexBulk_M8888I</a>
 <LI><a href="#[f4]">_Index2ColorBulk_M8888I</a>
 <LI><a href="#[f5]">_Color2Index_565</a>
 <LI><a href="#[f7]">_GetIndexMask_565</a>
 <LI><a href="#[f8]">_Color2IndexBulk</a>
 <LI><a href="#[f9]">_Index2ColorBulk</a>
 <LI><a href="#[fa]">_Color2Index_888</a>
 <LI><a href="#[fc]">_GetIndexMask_888</a>
 <LI><a href="#[fd]">_Color2IndexBulk</a>
 <LI><a href="#[fe]">_Index2ColorBulk</a>
 <LI><a href="#[ff]">_Color2Index_8888</a>
 <LI><a href="#[101]">_GetIndexMask_8888</a>
 <LI><a href="#[102]">_Color2IndexBulk</a>
 <LI><a href="#[103]">_Index2ColorBulk</a>
 <LI><a href="#[104]">_Color2Index_M565</a>
 <LI><a href="#[106]">_GetIndexMask_M565</a>
 <LI><a href="#[107]">_Color2IndexBulk</a>
 <LI><a href="#[108]">_Index2ColorBulk</a>
 <LI><a href="#[109]">_Color2Index_M888</a>
 <LI><a href="#[10a]">_GetIndexMask_M888</a>
 <LI><a href="#[10b]">_Color2IndexBulk</a>
 <LI><a href="#[10c]">_Index2ColorBulk</a>
 <LI><a href="#[10d]">_Color2Index_M8888</a>
 <LI><a href="#[10f]">_GetIndexMask_M8888</a>
 <LI><a href="#[110]">_Color2IndexBulk</a>
 <LI><a href="#[111]">_Index2ColorBulk</a>
 <LI><a href="#[10e]">_Index2Color_M8888</a>
 <LI><a href="#[1b1]">_AddFreeMemory</a>
 <LI><a href="#[1b4]">_RemoveHoles</a>
 <LI><a href="#[1ae]">_Alloc</a>
 <LI><a href="#[1b3]">_EnlargeBlocks</a>
 <LI><a href="#[1e5]">_InitContext</a>
 <LI><a href="#[94]">_OnExit</a>
 <LI><a href="#[92]">_OnExit</a>
 <LI><a href="#[93]">_OnExit</a>
 <LI><a href="#[115]">_SetBkColor</a>
 <LI><a href="#[114]">_SetColor</a>
 <LI><a href="#[116]">_SetDrawMode</a>
 <LI><a href="#[122]">_GetRect</a>
 <LI><a href="#[11c]">_SetPixelIndex</a>
 <LI><a href="#[11b]">_GetPixelIndex</a>
 <LI><a href="#[11d]">_XorPixel</a>
 <LI><a href="#[120]">_GetDevProp</a>
 <LI><a href="#[121]">_GetDevData</a>
 <LI><a href="#[a9]">_ReadRect</a>
 <LI><a href="#[11f]">_GetDevFunc</a>
 <LI><a href="#[a4]">_SetVRAMAddr</a>
 <LI><a href="#[a5]">_SetVis</a>
 <LI><a href="#[a6]">_GetPos</a>
 <LI><a href="#[a7]">_SetPos</a>
 <LI><a href="#[a8]">_SetAlpha</a>
 <LI><a href="#[aa]">_SetVRAM_BufferPTR</a>
 <LI><a href="#[ab]">_ShowBuffer</a>
 <LI><a href="#[ac]">_CopyBuffer</a>
 <LI><a href="#[ad]">_SetDevFunc</a>
 <LI><a href="#[ae]">_SetChroma</a>
 <LI><a href="#[af]">_SetChromaMode</a>
 <LI><a href="#[b0]">_SetAlphaMode</a>
 <LI><a href="#[b1]">_Off</a>
 <LI><a href="#[b2]">_On</a>
 <LI><a href="#[b3]">_Init</a>
 <LI><a href="#[b4]">_SetSize</a>
 <LI><a href="#[b5]">_SetVSize</a>
 <LI><a href="#[11e]">_SetOrg</a>
 <LI><a href="#[11a]">_FillRect</a>
 <LI><a href="#[118]">_DrawHLine</a>
 <LI><a href="#[119]">_DrawVLine</a>
 <LI><a href="#[117]">_DrawBitmap</a>
 <LI><a href="#[127]">_GetPixelIndex</a>
 <LI><a href="#[12e]">_GetRect</a>
 <LI><a href="#[12d]">_GetDevData</a>
 <LI><a href="#[12a]">_SetOrg</a>
 <LI><a href="#[12b]">_GetDevFunc</a>
 <LI><a href="#[b6]">_FillPolygonAA</a>
 <LI><a href="#[b7]">_FillPolygon</a>
 <LI><a href="#[12c]">_GetDevProp</a>
 <LI><a href="#[129]">_XorPixel</a>
 <LI><a href="#[128]">_SetPixelIndex</a>
 <LI><a href="#[124]">_DrawHLine</a>
 <LI><a href="#[125]">_DrawVLine</a>
 <LI><a href="#[126]">_FillRect</a>
 <LI><a href="#[123]">_DrawBitmap</a>
 <LI><a href="#[a0]">_OnExit</a>
 <LI><a href="#[2ac]">_Findy1</a>
 <LI><a href="#[2ab]">_Findx0</a>
 <LI><a href="#[2a2]">_Findx1</a>
 <LI><a href="#[2a5]">_Paint1Trans</a>
 <LI><a href="#[2a4]">_PaintTransChildren</a>
 <LI><a href="#[2a1]">_Findx0.constprop.10</a>
 <LI><a href="#[2a3]">_Findy1.constprop.11</a>
 <LI><a href="#[277]">WM__PaintWinAndOverlays</a>
 <LI><a href="#[9e]">_cbPaintMemDev</a>
 <LI><a href="#[289]">_Invalidate1Abs</a>
 <LI><a href="#[26f]">WM_InvalidateRect.part.2</a>
 <LI><a href="#[9f]">_cbBackWin</a>
 <LI><a href="#[272]">WM_DeleteWindow.part.3</a>
 <LI><a href="#[275]">_Exec1Input</a>
 <LI><a href="#[293]">WM_ResizeWindow.part.11</a>
 <LI><a href="#[28b]">WM_InvalidateWindowAndDescs.part.14</a>
 <LI><a href="#[2ae]">_GetDialogItem.part.5</a>
 <LI><a href="#[2ad]">_GetDialogItem</a>
 <LI><a href="#[27b]">__GetDialogItem</a>
 <LI><a href="#[d]">_OnTouchDefault</a>
 <LI><a href="#[8f]">FRAMEWIN__cbClient</a>
 <LI><a href="#[97]">_Paint</a>
 <LI><a href="#[98]">_PaintTiled</a>
 <LI><a href="#[9a]">_GetImageSize</a>
 <LI><a href="#[9b]">_DrawImageAt</a>
 <LI><a href="#[12f]">_Color2Index_16</a>
 <LI><a href="#[130]">_Index2Color_16</a>
 <LI><a href="#[131]">_GetIndexMask_16</a>
 <LI><a href="#[2a7]">_GetClipParam</a>
 <LI><a href="#[a3]">_Index2ColorBitfields</a>
 <LI><a href="#[15]">_DrawLine_RGB</a>
 <LI><a href="#[12]">_NextPixel_SetPixel</a>
 <LI><a href="#[11]">_NextPixel_Start</a>
 <LI><a href="#[14]">_NextPixel_End</a>
 <LI><a href="#[13]">_NextPixel_NextLine</a>
 <LI><a href="#[1b8]">_Draw</a>
 <LI><a href="#[16]">_Log2VisBuffered</a>
 <LI><a href="#[23d]">_DispLine</a>
 <LI><a href="#[132]">_GetCharCode</a>
 <LI><a href="#[133]">_GetCharSize</a>
 <LI><a href="#[134]">_CalcSizeOfChar</a>
 <LI><a href="#[135]">_Encode</a>
 <LI><a href="#[9c]">_OnExit</a>
 <LI><a href="#[226]">LCD_ReadRectEx</a>
 <LI><a href="#[1f1]">GUI_MEMDEV_CopyToLCDAt.part.0</a>
 <LI><a href="#[148]">_GetDevData</a>
 <LI><a href="#[146]">_GetDevFunc</a>
 <LI><a href="#[145]">_SetOrg</a>
 <LI><a href="#[149]">_GetRect</a>
 <LI><a href="#[13e]">_DrawBitmap</a>
 <LI><a href="#[147]">_GetDevProp</a>
 <LI><a href="#[142]">_GetPixelIndex</a>
 <LI><a href="#[143]">_SetPixelIndex</a>
 <LI><a href="#[144]">_XorPixel</a>
 <LI><a href="#[141]">_FillRect</a>
 <LI><a href="#[13f]">_DrawHLine</a>
 <LI><a href="#[140]">_DrawVLine</a>
 <LI><a href="#[154]">_GetDevData</a>
 <LI><a href="#[152]">_GetDevFunc</a>
 <LI><a href="#[153]">_GetDevProp</a>
 <LI><a href="#[151]">_SetOrg</a>
 <LI><a href="#[155]">_GetRect</a>
 <LI><a href="#[14a]">_DrawBitmap</a>
 <LI><a href="#[14e]">_GetPixelIndex</a>
 <LI><a href="#[14f]">_SetPixelIndex</a>
 <LI><a href="#[150]">_XorPixel</a>
 <LI><a href="#[14d]">_FillRect</a>
 <LI><a href="#[14b]">_DrawHLine</a>
 <LI><a href="#[14c]">_DrawVLine</a>
 <LI><a href="#[9d]">_cbInvalidateOne</a>
 <LI><a href="#[290]">_MoveDescendents</a>
 <LI><a href="#[1a]">_Create</a>
 <LI><a href="#[19]">_Paint</a>
 <LI><a href="#[1d]">_GetBorderSize</a>
 <LI><a href="#[1c]">_Create</a>
 <LI><a href="#[1b]">_Paint</a>
 <LI><a href="#[158]">_GetIndexMask_0</a>
 <LI><a href="#[157]">_Index2Color_0</a>
 <LI><a href="#[156]">_Color2Index_0</a>
 <LI><a href="#[159]">GUI_USAGE_BM_AddPixel</a>
 <LI><a href="#[15d]">GUI_USAGE_BM_GetNextDirty</a>
 <LI><a href="#[15c]">_GUI_USAGE_BM_Delete</a>
 <LI><a href="#[15b]">GUI_USAGE_BM_Clear</a>
 <LI><a href="#[15a]">GUI_USAGE_BM_AddHLine</a>
 <LI><a href="#[21a]">_WriteToActiveAlpha</a>
 <LI><a href="#[297]">_Screen2hWin</a>
 <LI><a href="#[161]">_DrawDownRect</a>
 <LI><a href="#[15e]">_DrawUp</a>
 <LI><a href="#[15f]">_DrawUpRect</a>
 <LI><a href="#[160]">_DrawDown</a>
 <LI><a href="#[228]">_CreateBuffer.isra.4</a>
 <LI><a href="#[22a]">_SetBkIndexBuffered</a>
 <LI><a href="#[22b]">_ReleaseBuffer.isra.7</a>
</UL>
</UL>
<P>
<H3>
Mutually Recursive functions
</H3> <LI><a href="#[28]">SysTick_Handler</a>&nbsp;&nbsp;&nbsp;&rArr;&nbsp;&nbsp;&nbsp;<a href="#[28]">SysTick_Handler</a><BR>
 <LI><a href="#[3b]">ADC_IRQHandler</a>&nbsp;&nbsp;&nbsp;&rArr;&nbsp;&nbsp;&nbsp;<a href="#[3b]">ADC_IRQHandler</a><BR>
 <LI><a href="#[18d]">WM__SendMessage</a>&nbsp;&nbsp;&nbsp;&rArr;&nbsp;&nbsp;&nbsp;<a href="#[16b]">WM_DefaultProc</a><BR>
 <LI><a href="#[274]">WM__InvalidateRect</a>&nbsp;&nbsp;&nbsp;&rArr;&nbsp;&nbsp;&nbsp;<a href="#[274]">WM__InvalidateRect</a><BR>
 <LI><a href="#[28c]">WM_InvalidateWindowAndDescsEx</a>&nbsp;&nbsp;&nbsp;&rArr;&nbsp;&nbsp;&nbsp;<a href="#[28c]">WM_InvalidateWindowAndDescsEx</a><BR>
 <LI><a href="#[28a]">WM__InvalidateDrawAndDescs</a>&nbsp;&nbsp;&nbsp;&rArr;&nbsp;&nbsp;&nbsp;<a href="#[28a]">WM__InvalidateDrawAndDescs</a><BR>
 <LI><a href="#[278]">WM__ForEachDesc</a>&nbsp;&nbsp;&nbsp;&rArr;&nbsp;&nbsp;&nbsp;<a href="#[278]">WM__ForEachDesc</a><BR>
 <LI><a href="#[293]">WM_ResizeWindow.part.11</a>&nbsp;&nbsp;&nbsp;&rArr;&nbsp;&nbsp;&nbsp;<a href="#[266]">WM__UpdateChildPositions</a><BR>
 <LI><a href="#[290]">_MoveDescendents</a>&nbsp;&nbsp;&nbsp;&rArr;&nbsp;&nbsp;&nbsp;<a href="#[290]">_MoveDescendents</a><BR>
 <LI><a href="#[1b3]">_EnlargeBlocks</a>&nbsp;&nbsp;&nbsp;&rArr;&nbsp;&nbsp;&nbsp;<a href="#[1ae]">_Alloc</a><BR>
 <LI><a href="#[2ac]">_Findy1</a>&nbsp;&nbsp;&nbsp;&rArr;&nbsp;&nbsp;&nbsp;<a href="#[2ac]">_Findy1</a><BR>
 <LI><a href="#[2ab]">_Findx0</a>&nbsp;&nbsp;&nbsp;&rArr;&nbsp;&nbsp;&nbsp;<a href="#[2ab]">_Findx0</a><BR>
 <LI><a href="#[2a2]">_Findx1</a>&nbsp;&nbsp;&nbsp;&rArr;&nbsp;&nbsp;&nbsp;<a href="#[2a2]">_Findx1</a><BR>
 <LI><a href="#[297]">_Screen2hWin</a>&nbsp;&nbsp;&nbsp;&rArr;&nbsp;&nbsp;&nbsp;<a href="#[297]">_Screen2hWin</a><BR>
 <LI><a href="#[23]">BusFault_Handler</a>&nbsp;&nbsp;&nbsp;&rArr;&nbsp;&nbsp;&nbsp;<a href="#[23]">BusFault_Handler</a><BR>
 <LI><a href="#[21]">HardFault_Handler</a>&nbsp;&nbsp;&nbsp;&rArr;&nbsp;&nbsp;&nbsp;<a href="#[21]">HardFault_Handler</a><BR>
 <LI><a href="#[22]">MemManage_Handler</a>&nbsp;&nbsp;&nbsp;&rArr;&nbsp;&nbsp;&nbsp;<a href="#[22]">MemManage_Handler</a><BR>
 <LI><a href="#[24]">UsageFault_Handler</a>&nbsp;&nbsp;&nbsp;&rArr;&nbsp;&nbsp;&nbsp;<a href="#[24]">UsageFault_Handler</a><BR>
 <LI><a href="#[272]">WM_DeleteWindow.part.3</a>&nbsp;&nbsp;&nbsp;&rArr;&nbsp;&nbsp;&nbsp;<a href="#[272]">WM_DeleteWindow.part.3</a><BR>
 <LI><a href="#[2a4]">_PaintTransChildren</a>&nbsp;&nbsp;&nbsp;&rArr;&nbsp;&nbsp;&nbsp;<a href="#[2a4]">_PaintTransChildren</a><BR>
 <LI><a href="#[28b]">WM_InvalidateWindowAndDescs.part.14</a>&nbsp;&nbsp;&nbsp;&rArr;&nbsp;&nbsp;&nbsp;<a href="#[28b]">WM_InvalidateWindowAndDescs.part.14</a><BR>
 <LI><a href="#[2ae]">_GetDialogItem.part.5</a>&nbsp;&nbsp;&nbsp;&rArr;&nbsp;&nbsp;&nbsp;<a href="#[2ae]">_GetDialogItem.part.5</a><BR>
</UL>
<P>
<H3>
Function Pointers
</H3><UL>
 <LI><a href="#[3b]">ADC_IRQHandler</a> from startup_stm32f746xx.o(.text) referenced from startup_stm32f746xx.o(RESET)
 <LI><a href="#[8d]">BUTTON_Callback</a> from BUTTON.o(.text.BUTTON_Callback) referenced from BUTTON.o(.text.BUTTON_CreateIndirect)
 <LI><a href="#[cf]">BUTTON_CreateIndirect</a> from BUTTON.o(.text.BUTTON_CreateIndirect) referenced 3 times from framewindlg.o(.constdata)
 <LI><a href="#[e]">BUTTON_DrawSkinFlex</a> from BUTTON_SkinFlex.o(.text.BUTTON_DrawSkinFlex) referenced 2 times from BUTTON.o(.data)
 <LI><a href="#[23]">BusFault_Handler</a> from stm32f7xx_it.o(i.BusFault_Handler) referenced from startup_stm32f746xx.o(RESET)
 <LI><a href="#[3d]">CAN1_RX0_IRQHandler</a> from startup_stm32f746xx.o(.text) referenced from startup_stm32f746xx.o(RESET)
 <LI><a href="#[3e]">CAN1_RX1_IRQHandler</a> from startup_stm32f746xx.o(.text) referenced from startup_stm32f746xx.o(RESET)
 <LI><a href="#[3f]">CAN1_SCE_IRQHandler</a> from startup_stm32f746xx.o(.text) referenced from startup_stm32f746xx.o(RESET)
 <LI><a href="#[3c]">CAN1_TX_IRQHandler</a> from startup_stm32f746xx.o(.text) referenced from startup_stm32f746xx.o(RESET)
 <LI><a href="#[69]">CAN2_RX0_IRQHandler</a> from startup_stm32f746xx.o(.text) referenced from startup_stm32f746xx.o(RESET)
 <LI><a href="#[6a]">CAN2_RX1_IRQHandler</a> from startup_stm32f746xx.o(.text) referenced from startup_stm32f746xx.o(RESET)
 <LI><a href="#[6b]">CAN2_SCE_IRQHandler</a> from startup_stm32f746xx.o(.text) referenced from startup_stm32f746xx.o(RESET)
 <LI><a href="#[68]">CAN2_TX_IRQHandler</a> from startup_stm32f746xx.o(.text) referenced from startup_stm32f746xx.o(RESET)
 <LI><a href="#[86]">CEC_IRQHandler</a> from startup_stm32f746xx.o(.text) referenced from startup_stm32f746xx.o(RESET)
 <LI><a href="#[77]">DCMI_IRQHandler</a> from startup_stm32f746xx.o(.text) referenced from startup_stm32f746xx.o(RESET)
 <LI><a href="#[34]">DMA1_Stream0_IRQHandler</a> from startup_stm32f746xx.o(.text) referenced from startup_stm32f746xx.o(RESET)
 <LI><a href="#[35]">DMA1_Stream1_IRQHandler</a> from startup_stm32f746xx.o(.text) referenced from startup_stm32f746xx.o(RESET)
 <LI><a href="#[36]">DMA1_Stream2_IRQHandler</a> from startup_stm32f746xx.o(.text) referenced from startup_stm32f746xx.o(RESET)
 <LI><a href="#[37]">DMA1_Stream3_IRQHandler</a> from startup_stm32f746xx.o(.text) referenced from startup_stm32f746xx.o(RESET)
 <LI><a href="#[38]">DMA1_Stream4_IRQHandler</a> from startup_stm32f746xx.o(.text) referenced from startup_stm32f746xx.o(RESET)
 <LI><a href="#[39]">DMA1_Stream5_IRQHandler</a> from startup_stm32f746xx.o(.text) referenced from startup_stm32f746xx.o(RESET)
 <LI><a href="#[3a]">DMA1_Stream6_IRQHandler</a> from startup_stm32f746xx.o(.text) referenced from startup_stm32f746xx.o(RESET)
 <LI><a href="#[58]">DMA1_Stream7_IRQHandler</a> from startup_stm32f746xx.o(.text) referenced from startup_stm32f746xx.o(RESET)
 <LI><a href="#[82]">DMA2D_IRQHandler</a> from stm32f7xx_it.o(i.DMA2D_IRQHandler) referenced from startup_stm32f746xx.o(RESET)
 <LI><a href="#[61]">DMA2_Stream0_IRQHandler</a> from startup_stm32f746xx.o(.text) referenced from startup_stm32f746xx.o(RESET)
 <LI><a href="#[62]">DMA2_Stream1_IRQHandler</a> from startup_stm32f746xx.o(.text) referenced from startup_stm32f746xx.o(RESET)
 <LI><a href="#[63]">DMA2_Stream2_IRQHandler</a> from startup_stm32f746xx.o(.text) referenced from startup_stm32f746xx.o(RESET)
 <LI><a href="#[64]">DMA2_Stream3_IRQHandler</a> from startup_stm32f746xx.o(.text) referenced from startup_stm32f746xx.o(RESET)
 <LI><a href="#[65]">DMA2_Stream4_IRQHandler</a> from startup_stm32f746xx.o(.text) referenced from startup_stm32f746xx.o(RESET)
 <LI><a href="#[6d]">DMA2_Stream5_IRQHandler</a> from startup_stm32f746xx.o(.text) referenced from startup_stm32f746xx.o(RESET)
 <LI><a href="#[6e]">DMA2_Stream6_IRQHandler</a> from startup_stm32f746xx.o(.text) referenced from startup_stm32f746xx.o(RESET)
 <LI><a href="#[6f]">DMA2_Stream7_IRQHandler</a> from startup_stm32f746xx.o(.text) referenced from startup_stm32f746xx.o(RESET)
 <LI><a href="#[26]">DebugMon_Handler</a> from stm32f7xx_it.o(i.DebugMon_Handler) referenced from startup_stm32f746xx.o(RESET)
 <LI><a href="#[66]">ETH_IRQHandler</a> from startup_stm32f746xx.o(.text) referenced from startup_stm32f746xx.o(RESET)
 <LI><a href="#[67]">ETH_WKUP_IRQHandler</a> from startup_stm32f746xx.o(.text) referenced from startup_stm32f746xx.o(RESET)
 <LI><a href="#[2f]">EXTI0_IRQHandler</a> from startup_stm32f746xx.o(.text) referenced from startup_stm32f746xx.o(RESET)
 <LI><a href="#[51]">EXTI15_10_IRQHandler</a> from startup_stm32f746xx.o(.text) referenced from startup_stm32f746xx.o(RESET)
 <LI><a href="#[30]">EXTI1_IRQHandler</a> from startup_stm32f746xx.o(.text) referenced from startup_stm32f746xx.o(RESET)
 <LI><a href="#[31]">EXTI2_IRQHandler</a> from startup_stm32f746xx.o(.text) referenced from startup_stm32f746xx.o(RESET)
 <LI><a href="#[32]">EXTI3_IRQHandler</a> from startup_stm32f746xx.o(.text) referenced from startup_stm32f746xx.o(RESET)
 <LI><a href="#[33]">EXTI4_IRQHandler</a> from startup_stm32f746xx.o(.text) referenced from startup_stm32f746xx.o(RESET)
 <LI><a href="#[40]">EXTI9_5_IRQHandler</a> from startup_stm32f746xx.o(.text) referenced from startup_stm32f746xx.o(RESET)
 <LI><a href="#[2d]">FLASH_IRQHandler</a> from startup_stm32f746xx.o(.text) referenced from startup_stm32f746xx.o(RESET)
 <LI><a href="#[59]">FMC_IRQHandler</a> from startup_stm32f746xx.o(.text) referenced from startup_stm32f746xx.o(RESET)
 <LI><a href="#[79]">FPU_IRQHandler</a> from startup_stm32f746xx.o(.text) referenced from startup_stm32f746xx.o(RESET)
 <LI><a href="#[8e]">FRAMEWIN_Callback</a> from FRAMEWIN.o(.text.FRAMEWIN_Callback) referenced from FRAMEWIN.o(.text.FRAMEWIN_CreateIndirect)
 <LI><a href="#[ce]">FRAMEWIN_CreateIndirect</a> from FRAMEWIN.o(.text.FRAMEWIN_CreateIndirect) referenced from framewindlg.o(.constdata)
 <LI><a href="#[10]">FRAMEWIN_DrawSkinFlex</a> from FRAMEWIN_SkinFlex.o(.text.FRAMEWIN_DrawSkinFlex) referenced 4 times from FRAMEWIN.o(.data)
 <LI><a href="#[f]">FRAMEWIN__GetBorderSize</a> from FRAMEWIN.o(.text.FRAMEWIN__GetBorderSize) referenced 2 times from FRAMEWIN.o(.data)
 <LI><a href="#[8f]">FRAMEWIN__cbClient</a> from FRAMEWIN.o(.text.FRAMEWIN__cbClient) referenced from FRAMEWIN.o(.text.FRAMEWIN_CreateIndirect)
 <LI><a href="#[13a]">GUIMONO_DispChar</a> from GUI_CharM.o(.text.GUIMONO_DispChar) referenced 2 times from F6x8.o(.rodata)
 <LI><a href="#[13b]">GUIMONO_GetCharDistX</a> from GUI_CharM.o(.text.GUIMONO_GetCharDistX) referenced 2 times from F6x8.o(.rodata)
 <LI><a href="#[13c]">GUIMONO_GetFontInfo</a> from GUI_CharM.o(.text.GUIMONO_GetFontInfo) referenced 2 times from F6x8.o(.rodata)
 <LI><a href="#[13d]">GUIMONO_IsInFont</a> from GUI_CharM.o(.text.GUIMONO_IsInFont) referenced 2 times from F6x8.o(.rodata)
 <LI><a href="#[136]">GUIPROP_DispChar</a> from GUI_CharP.o(.text.GUIPROP_DispChar) referenced 2 times from F13_1.o(.rodata)
 <LI><a href="#[137]">GUIPROP_GetCharDistX</a> from GUI_CharP.o(.text.GUIPROP_GetCharDistX) referenced 2 times from F13_1.o(.rodata)
 <LI><a href="#[138]">GUIPROP_GetFontInfo</a> from GUI_CharP.o(.text.GUIPROP_GetFontInfo) referenced 2 times from F13_1.o(.rodata)
 <LI><a href="#[139]">GUIPROP_IsInFont</a> from GUI_CharP.o(.text.GUIPROP_IsInFont) referenced 2 times from F13_1.o(.rodata)
 <LI><a href="#[90]">GUI_BMP__GetData</a> from GUI_BMP.o(.text.GUI_BMP__GetData) referenced from GUI_BMP.o(.text.GUI_BMP_Draw)
 <LI><a href="#[a1]">GUI_MEMDEV_Paint1Static</a> from GUIDEV_StaticDevices.o(.text.GUI_MEMDEV_Paint1Static) referenced from WM.o(.text.WM__PaintWinAndOverlays)
 <LI><a href="#[a1]">GUI_MEMDEV_Paint1Static</a> from GUIDEV_StaticDevices.o(.text.GUI_MEMDEV_Paint1Static) referenced from WM.o(.text._Paint1Trans)
 <LI><a href="#[b9]">GUI_MEMDEV__WriteToActiveAlpha</a> from GUIDEV_WriteToActiveAlpha.o(.text.GUI_MEMDEV__WriteToActiveAlpha) referenced from GUIDEV_32.o(.text._GetDevFunc)
 <LI><a href="#[b8]">GUI_MEMDEV__WriteToActiveOpaque</a> from GUIDEV_WriteToActiveOpaque.o(.text.GUI_MEMDEV__WriteToActiveOpaque) referenced from GUIDEV_16.o(.text._GetDevFunc)
 <LI><a href="#[15a]">GUI_USAGE_BM_AddHLine</a> from GUIDEV_UsageBM.o(.text.GUI_USAGE_BM_AddHLine) referenced from GUIDEV_UsageBM.o(.rodata)
 <LI><a href="#[159]">GUI_USAGE_BM_AddPixel</a> from GUIDEV_UsageBM.o(.text.GUI_USAGE_BM_AddPixel) referenced from GUIDEV_UsageBM.o(.rodata)
 <LI><a href="#[15b]">GUI_USAGE_BM_Clear</a> from GUIDEV_UsageBM.o(.text.GUI_USAGE_BM_Clear) referenced from GUIDEV_UsageBM.o(.rodata)
 <LI><a href="#[15d]">GUI_USAGE_BM_GetNextDirty</a> from GUIDEV_UsageBM.o(.text.GUI_USAGE_BM_GetNextDirty) referenced from GUIDEV_UsageBM.o(.rodata)
 <LI><a href="#[b]">GUI__MixColors</a> from GUI__Alpha.o(.text.GUI__MixColors) referenced 2 times from GUI__Alpha.o(.data)
 <LI><a href="#[c]">GUI__MixColorsBulk</a> from GUI__Alpha.o(.text.GUI__MixColorsBulk) referenced 2 times from GUI__Alpha.o(.data)
 <LI><a href="#[21]">HardFault_Handler</a> from stm32f7xx_it.o(i.HardFault_Handler) referenced from startup_stm32f746xx.o(RESET)
 <LI><a href="#[49]">I2C1_ER_IRQHandler</a> from startup_stm32f746xx.o(.text) referenced from startup_stm32f746xx.o(RESET)
 <LI><a href="#[48]">I2C1_EV_IRQHandler</a> from startup_stm32f746xx.o(.text) referenced from startup_stm32f746xx.o(RESET)
 <LI><a href="#[4b]">I2C2_ER_IRQHandler</a> from startup_stm32f746xx.o(.text) referenced from startup_stm32f746xx.o(RESET)
 <LI><a href="#[4a]">I2C2_EV_IRQHandler</a> from startup_stm32f746xx.o(.text) referenced from startup_stm32f746xx.o(RESET)
 <LI><a href="#[72]">I2C3_ER_IRQHandler</a> from startup_stm32f746xx.o(.text) referenced from startup_stm32f746xx.o(RESET)
 <LI><a href="#[71]">I2C3_EV_IRQHandler</a> from startup_stm32f746xx.o(.text) referenced from startup_stm32f746xx.o(RESET)
 <LI><a href="#[88]">I2C4_ER_IRQHandler</a> from startup_stm32f746xx.o(.text) referenced from startup_stm32f746xx.o(RESET)
 <LI><a href="#[87]">I2C4_EV_IRQHandler</a> from startup_stm32f746xx.o(.text) referenced from startup_stm32f746xx.o(RESET)
 <LI><a href="#[99]">IMAGE_Callback</a> from IMAGE.o(.text.IMAGE_Callback) referenced from IMAGE.o(.text.IMAGE_CreateIndirect)
 <LI><a href="#[d0]">IMAGE_CreateIndirect</a> from IMAGE.o(.text.IMAGE_CreateIndirect) referenced 5 times from framewindlg.o(.constdata)
 <LI><a href="#[1e]">LCD_AA_MixColors16</a> from LCD_AA.o(.text.LCD_AA_MixColors16) referenced 2 times from LCD_AA.o(.data)
 <LI><a href="#[dc]">LCD_Color2Index_8666</a> from GUICC_8666.o(.text.LCD_Color2Index_8666) referenced from GUICC_8666.o(.rodata)
 <LI><a href="#[112]">LCD_DrawHLine</a> from LCD.o(.text.LCD_DrawHLine) referenced from GUI_Core.o(.rodata)
 <LI><a href="#[113]">LCD_DrawPixel</a> from LCD.o(.text.LCD_DrawPixel) referenced from GUI_Core.o(.rodata)
 <LI><a href="#[a]">LCD_GetpPalConvTableBM</a> from LCD_Color.o(.text.LCD_GetpPalConvTableBM) referenced 2 times from GUI_Core.o(.data)
 <LI><a href="#[f6]">LCD_Index2Color_565</a> from GUICC_565.o(.text.LCD_Index2Color_565) referenced from GUICC_565.o(.rodata)
 <LI><a href="#[dd]">LCD_Index2Color_8666</a> from GUICC_8666.o(.text.LCD_Index2Color_8666) referenced from GUICC_8666.o(.rodata)
 <LI><a href="#[fb]">LCD_Index2Color_888</a> from GUICC_888_Index2Color.o(.text.LCD_Index2Color_888) referenced from GUICC_888.o(.rodata)
 <LI><a href="#[100]">LCD_Index2Color_8888</a> from GUICC_8888_Index2Color.o(.text.LCD_Index2Color_8888) referenced from GUICC_8888.o(.rodata)
 <LI><a href="#[105]">LCD_Index2Color_M565</a> from GUICC_M565.o(.text.LCD_Index2Color_M565) referenced from GUICC_M565.o(.rodata)
 <LI><a href="#[95]">LCD_Index2Color_M888</a> from GUICC_M888_Index2Color.o(.text.LCD_Index2Color_M888) referenced from GUICC_M888.o(.rodata)
 <LI><a href="#[95]">LCD_Index2Color_M888</a> from GUICC_M888_Index2Color.o(.text.LCD_Index2Color_M888) referenced from GUI__Alpha.o(.text.GUI__DoAlphaBlending)
 <LI><a href="#[96]">LCD_Index2Color_M8888I</a> from GUICC_M8888I_Index2Color.o(.text.LCD_Index2Color_M8888I) referenced from GUICC_M8888I.o(.rodata)
 <LI><a href="#[96]">LCD_Index2Color_M8888I</a> from GUICC_M8888I_Index2Color.o(.text.LCD_Index2Color_M8888I) referenced from GUI__Alpha.o(.text.GUI__DoAlphaBlending)
 <LI><a href="#[96]">LCD_Index2Color_M8888I</a> from GUICC_M8888I_Index2Color.o(.text.LCD_Index2Color_M8888I) referenced from GUIDEV_WriteToActiveAlpha.o(.text._WriteToActiveAlpha)
 <LI><a href="#[bd]">LCD_LL_CopyBuffer</a> from stemwin_wrapper.o(i.LCD_LL_CopyBuffer) referenced from stemwin_wrapper.o(i.LCD_X_Config)
 <LI><a href="#[be]">LCD_LL_CopyRect</a> from stemwin_wrapper.o(i.LCD_LL_CopyRect) referenced from stemwin_wrapper.o(i.LCD_X_Config)
 <LI><a href="#[c0]">LCD_LL_DrawBitmap16bpp</a> from stemwin_wrapper.o(i.LCD_LL_DrawBitmap16bpp) referenced from stemwin_wrapper.o(i.LCD_X_Config)
 <LI><a href="#[c1]">LCD_LL_DrawBitmap32bpp</a> from stemwin_wrapper.o(i.LCD_LL_DrawBitmap32bpp) referenced from stemwin_wrapper.o(i.LCD_X_Config)
 <LI><a href="#[bf]">LCD_LL_DrawBitmap8bpp</a> from stemwin_wrapper.o(i.LCD_LL_DrawBitmap8bpp) referenced from stemwin_wrapper.o(i.LCD_X_Config)
 <LI><a href="#[bc]">LCD_LL_FillRect</a> from stemwin_wrapper.o(i.LCD_LL_FillRect) referenced from stemwin_wrapper.o(i.LCD_LL_FillRect)
 <LI><a href="#[bc]">LCD_LL_FillRect</a> from stemwin_wrapper.o(i.LCD_LL_FillRect) referenced from stemwin_wrapper.o(i.LCD_X_Config)
 <LI><a href="#[85]">LPTIM1_IRQHandler</a> from startup_stm32f746xx.o(.text) referenced from startup_stm32f746xx.o(RESET)
 <LI><a href="#[81]">LTDC_ER_IRQHandler</a> from startup_stm32f746xx.o(.text) referenced from startup_stm32f746xx.o(RESET)
 <LI><a href="#[80]">LTDC_IRQHandler</a> from stm32f7xx_it.o(i.LTDC_IRQHandler) referenced from startup_stm32f746xx.o(RESET)
 <LI><a href="#[22]">MemManage_Handler</a> from stm32f7xx_it.o(i.MemManage_Handler) referenced from startup_stm32f746xx.o(RESET)
 <LI><a href="#[20]">NMI_Handler</a> from stm32f7xx_it.o(i.NMI_Handler) referenced from startup_stm32f746xx.o(RESET)
 <LI><a href="#[6c]">OTG_FS_IRQHandler</a> from stm32f7xx_it.o(i.OTG_FS_IRQHandler) referenced from startup_stm32f746xx.o(RESET)
 <LI><a href="#[53]">OTG_FS_WKUP_IRQHandler</a> from startup_stm32f746xx.o(.text) referenced from startup_stm32f746xx.o(RESET)
 <LI><a href="#[74]">OTG_HS_EP1_IN_IRQHandler</a> from startup_stm32f746xx.o(.text) referenced from startup_stm32f746xx.o(RESET)
 <LI><a href="#[73]">OTG_HS_EP1_OUT_IRQHandler</a> from startup_stm32f746xx.o(.text) referenced from startup_stm32f746xx.o(RESET)
 <LI><a href="#[76]">OTG_HS_IRQHandler</a> from startup_stm32f746xx.o(.text) referenced from startup_stm32f746xx.o(RESET)
 <LI><a href="#[75]">OTG_HS_WKUP_IRQHandler</a> from startup_stm32f746xx.o(.text) referenced from startup_stm32f746xx.o(RESET)
 <LI><a href="#[2a]">PVD_IRQHandler</a> from startup_stm32f746xx.o(.text) referenced from startup_stm32f746xx.o(RESET)
 <LI><a href="#[27]">PendSV_Handler</a> from stm32f7xx_it.o(i.PendSV_Handler) referenced from startup_stm32f746xx.o(RESET)
 <LI><a href="#[84]">QUADSPI_IRQHandler</a> from startup_stm32f746xx.o(.text) referenced from startup_stm32f746xx.o(RESET)
 <LI><a href="#[2e]">RCC_IRQHandler</a> from startup_stm32f746xx.o(.text) referenced from startup_stm32f746xx.o(RESET)
 <LI><a href="#[78]">RNG_IRQHandler</a> from startup_stm32f746xx.o(.text) referenced from startup_stm32f746xx.o(RESET)
 <LI><a href="#[52]">RTC_Alarm_IRQHandler</a> from startup_stm32f746xx.o(.text) referenced from startup_stm32f746xx.o(RESET)
 <LI><a href="#[2c]">RTC_WKUP_IRQHandler</a> from startup_stm32f746xx.o(.text) referenced from startup_stm32f746xx.o(RESET)
 <LI><a href="#[1f]">Reset_Handler</a> from startup_stm32f746xx.o(.text) referenced from startup_stm32f746xx.o(RESET)
 <LI><a href="#[7f]">SAI1_IRQHandler</a> from startup_stm32f746xx.o(.text) referenced from startup_stm32f746xx.o(RESET)
 <LI><a href="#[83]">SAI2_IRQHandler</a> from startup_stm32f746xx.o(.text) referenced from startup_stm32f746xx.o(RESET)
 <LI><a href="#[5a]">SDMMC1_IRQHandler</a> from startup_stm32f746xx.o(.text) referenced from startup_stm32f746xx.o(RESET)
 <LI><a href="#[89]">SPDIF_RX_IRQHandler</a> from startup_stm32f746xx.o(.text) referenced from startup_stm32f746xx.o(RESET)
 <LI><a href="#[4c]">SPI1_IRQHandler</a> from startup_stm32f746xx.o(.text) referenced from startup_stm32f746xx.o(RESET)
 <LI><a href="#[4d]">SPI2_IRQHandler</a> from startup_stm32f746xx.o(.text) referenced from startup_stm32f746xx.o(RESET)
 <LI><a href="#[5c]">SPI3_IRQHandler</a> from startup_stm32f746xx.o(.text) referenced from startup_stm32f746xx.o(RESET)
 <LI><a href="#[7c]">SPI4_IRQHandler</a> from startup_stm32f746xx.o(.text) referenced from startup_stm32f746xx.o(RESET)
 <LI><a href="#[7d]">SPI5_IRQHandler</a> from startup_stm32f746xx.o(.text) referenced from startup_stm32f746xx.o(RESET)
 <LI><a href="#[7e]">SPI6_IRQHandler</a> from startup_stm32f746xx.o(.text) referenced from startup_stm32f746xx.o(RESET)
 <LI><a href="#[25]">SVC_Handler</a> from stm32f7xx_it.o(i.SVC_Handler) referenced from startup_stm32f746xx.o(RESET)
 <LI><a href="#[28]">SysTick_Handler</a> from startup_stm32f746xx.o(.text) referenced from startup_stm32f746xx.o(RESET)
 <LI><a href="#[8b]">SystemInit</a> from system_stm32f7xx.o(i.SystemInit) referenced from startup_stm32f746xx.o(.text)
 <LI><a href="#[2b]">TAMP_STAMP_IRQHandler</a> from startup_stm32f746xx.o(.text) referenced from startup_stm32f746xx.o(RESET)
 <LI><a href="#[41]">TIM1_BRK_TIM9_IRQHandler</a> from startup_stm32f746xx.o(.text) referenced from startup_stm32f746xx.o(RESET)
 <LI><a href="#[44]">TIM1_CC_IRQHandler</a> from startup_stm32f746xx.o(.text) referenced from startup_stm32f746xx.o(RESET)
 <LI><a href="#[43]">TIM1_TRG_COM_TIM11_IRQHandler</a> from startup_stm32f746xx.o(.text) referenced from startup_stm32f746xx.o(RESET)
 <LI><a href="#[42]">TIM1_UP_TIM10_IRQHandler</a> from startup_stm32f746xx.o(.text) referenced from startup_stm32f746xx.o(RESET)
 <LI><a href="#[45]">TIM2_IRQHandler</a> from startup_stm32f746xx.o(.text) referenced from startup_stm32f746xx.o(RESET)
 <LI><a href="#[46]">TIM3_IRQHandler</a> from startup_stm32f746xx.o(.text) referenced from startup_stm32f746xx.o(RESET)
 <LI><a href="#[47]">TIM4_IRQHandler</a> from startup_stm32f746xx.o(.text) referenced from startup_stm32f746xx.o(RESET)
 <LI><a href="#[5b]">TIM5_IRQHandler</a> from startup_stm32f746xx.o(.text) referenced from startup_stm32f746xx.o(RESET)
 <LI><a href="#[5f]">TIM6_DAC_IRQHandler</a> from stm32f7xx_it.o(i.TIM6_DAC_IRQHandler) referenced from startup_stm32f746xx.o(RESET)
 <LI><a href="#[60]">TIM7_IRQHandler</a> from startup_stm32f746xx.o(.text) referenced from startup_stm32f746xx.o(RESET)
 <LI><a href="#[54]">TIM8_BRK_TIM12_IRQHandler</a> from startup_stm32f746xx.o(.text) referenced from startup_stm32f746xx.o(RESET)
 <LI><a href="#[57]">TIM8_CC_IRQHandler</a> from startup_stm32f746xx.o(.text) referenced from startup_stm32f746xx.o(RESET)
 <LI><a href="#[56]">TIM8_TRG_COM_TIM14_IRQHandler</a> from startup_stm32f746xx.o(.text) referenced from startup_stm32f746xx.o(RESET)
 <LI><a href="#[55]">TIM8_UP_TIM13_IRQHandler</a> from startup_stm32f746xx.o(.text) referenced from startup_stm32f746xx.o(RESET)
 <LI><a href="#[bb]">TransferComplete</a> from stemwin_wrapper.o(i.TransferComplete) referenced from stemwin_wrapper.o(i.DMA2D_Init)
 <LI><a href="#[5d]">UART4_IRQHandler</a> from startup_stm32f746xx.o(.text) referenced from startup_stm32f746xx.o(RESET)
 <LI><a href="#[5e]">UART5_IRQHandler</a> from startup_stm32f746xx.o(.text) referenced from startup_stm32f746xx.o(RESET)
 <LI><a href="#[7a]">UART7_IRQHandler</a> from startup_stm32f746xx.o(.text) referenced from startup_stm32f746xx.o(RESET)
 <LI><a href="#[7b]">UART8_IRQHandler</a> from startup_stm32f746xx.o(.text) referenced from startup_stm32f746xx.o(RESET)
 <LI><a href="#[4e]">USART1_IRQHandler</a> from startup_stm32f746xx.o(.text) referenced from startup_stm32f746xx.o(RESET)
 <LI><a href="#[4f]">USART2_IRQHandler</a> from startup_stm32f746xx.o(.text) referenced from startup_stm32f746xx.o(RESET)
 <LI><a href="#[50]">USART3_IRQHandler</a> from startup_stm32f746xx.o(.text) referenced from startup_stm32f746xx.o(RESET)
 <LI><a href="#[70]">USART6_IRQHandler</a> from startup_stm32f746xx.o(.text) referenced from startup_stm32f746xx.o(RESET)
 <LI><a href="#[24]">UsageFault_Handler</a> from stm32f7xx_it.o(i.UsageFault_Handler) referenced from startup_stm32f746xx.o(RESET)
 <LI><a href="#[91]">WM_HandlePID</a> from WM_Touch.o(.text.WM_HandlePID) referenced from GUI_PID.o(.text.GUI_PID_StoreState)
 <LI><a href="#[a2]">WM__Paint1</a> from WM.o(.text.WM__Paint1) referenced from WM.o(.text.WM__PaintWinAndOverlays)
 <LI><a href="#[a2]">WM__Paint1</a> from WM.o(.text.WM__Paint1) referenced from WM.o(.text._Paint1Trans)
 <LI><a href="#[29]">WWDG_IRQHandler</a> from startup_stm32f746xx.o(.text) referenced from startup_stm32f746xx.o(RESET)
 <LI><a href="#[134]">_CalcSizeOfChar</a> from GUI_UC_EncodeNone.o(.text._CalcSizeOfChar) referenced from GUI_UC_EncodeNone.o(.rodata)
 <LI><a href="#[f8]">_Color2IndexBulk</a> from GUICC_565.o(.text._Color2IndexBulk) referenced 6 times from GUICC_565.o(.rodata)
 <LI><a href="#[d4]">_Color2IndexBulk_1616I</a> from GUICC_1616I.o(.text._Color2IndexBulk_1616I) referenced from GUICC_1616I.o(.rodata)
 <LI><a href="#[e5]">_Color2IndexBulk_88666I</a> from GUICC_88666I.o(.text._Color2IndexBulk_88666I) referenced from GUICC_88666I.o(.rodata)
 <LI><a href="#[ea]">_Color2IndexBulk_M1555I</a> from GUICC_M1555I.o(.text._Color2IndexBulk_M1555I) referenced from GUICC_M1555I.o(.rodata)
 <LI><a href="#[c3]">_Color2IndexBulk_M1555I_DMA2D</a> from stemwin_wrapper.o(i._Color2IndexBulk_M1555I_DMA2D) referenced from stemwin_wrapper.o(i.LCD_X_Config)
 <LI><a href="#[ef]">_Color2IndexBulk_M4444I</a> from GUICC_M4444I.o(.text._Color2IndexBulk_M4444I) referenced from GUICC_M4444I.o(.rodata)
 <LI><a href="#[c7]">_Color2IndexBulk_M4444I_DMA2D</a> from stemwin_wrapper.o(i._Color2IndexBulk_M4444I_DMA2D) referenced from stemwin_wrapper.o(i.LCD_X_Config)
 <LI><a href="#[c5]">_Color2IndexBulk_M565_DMA2D</a> from stemwin_wrapper.o(i._Color2IndexBulk_M565_DMA2D) referenced from stemwin_wrapper.o(i.LCD_X_Config)
 <LI><a href="#[f3]">_Color2IndexBulk_M8888I</a> from GUICC_M8888I.o(.text._Color2IndexBulk_M8888I) referenced from GUICC_M8888I.o(.rodata)
 <LI><a href="#[cb]">_Color2IndexBulk_M8888I_DMA2D</a> from stemwin_wrapper.o(i._Color2IndexBulk_M8888I_DMA2D) referenced from stemwin_wrapper.o(i.LCD_X_Config)
 <LI><a href="#[c9]">_Color2IndexBulk_M888_DMA2D</a> from stemwin_wrapper.o(i._Color2IndexBulk_M888_DMA2D) referenced from stemwin_wrapper.o(i.LCD_X_Config)
 <LI><a href="#[156]">_Color2Index_0</a> from GUICC_0.o(.text._Color2Index_0) referenced from GUICC_0.o(.rodata)
 <LI><a href="#[12f]">_Color2Index_16</a> from GUICC_16.o(.text._Color2Index_16) referenced from GUICC_16.o(.rodata)
 <LI><a href="#[d1]">_Color2Index_1616I</a> from GUICC_1616I.o(.text._Color2Index_1616I) referenced from GUICC_1616I.o(.rodata)
 <LI><a href="#[f5]">_Color2Index_565</a> from GUICC_565.o(.text._Color2Index_565) referenced from GUICC_565.o(.rodata)
 <LI><a href="#[d6]">_Color2Index_822216</a> from GUICC_822216.o(.text._Color2Index_822216) referenced from GUICC_822216.o(.rodata)
 <LI><a href="#[d9]">_Color2Index_84444</a> from GUICC_84444.o(.text._Color2Index_84444) referenced from GUICC_84444.o(.rodata)
 <LI><a href="#[df]">_Color2Index_8666_1</a> from GUICC_8666_1.o(.text._Color2Index_8666_1) referenced from GUICC_8666_1.o(.rodata)
 <LI><a href="#[e2]">_Color2Index_88666I</a> from GUICC_88666I.o(.text._Color2Index_88666I) referenced from GUICC_88666I.o(.rodata)
 <LI><a href="#[fa]">_Color2Index_888</a> from GUICC_888.o(.text._Color2Index_888) referenced from GUICC_888.o(.rodata)
 <LI><a href="#[ff]">_Color2Index_8888</a> from GUICC_8888.o(.text._Color2Index_8888) referenced from GUICC_8888.o(.rodata)
 <LI><a href="#[e7]">_Color2Index_M1555I</a> from GUICC_M1555I.o(.text._Color2Index_M1555I) referenced from GUICC_M1555I.o(.rodata)
 <LI><a href="#[ec]">_Color2Index_M4444I</a> from GUICC_M4444I.o(.text._Color2Index_M4444I) referenced from GUICC_M4444I.o(.rodata)
 <LI><a href="#[104]">_Color2Index_M565</a> from GUICC_M565.o(.text._Color2Index_M565) referenced from GUICC_M565.o(.rodata)
 <LI><a href="#[109]">_Color2Index_M888</a> from GUICC_M888.o(.text._Color2Index_M888) referenced from GUICC_M888.o(.rodata)
 <LI><a href="#[10d]">_Color2Index_M8888</a> from GUICC_M8888.o(.text._Color2Index_M8888) referenced from GUICC_M8888.o(.rodata)
 <LI><a href="#[f1]">_Color2Index_M8888I</a> from GUICC_M8888I.o(.text._Color2Index_M8888I) referenced from GUICC_M8888I.o(.rodata)
 <LI><a href="#[ac]">_CopyBuffer</a> from GUIDRV_Lin_16.o(.text._CopyBuffer) referenced from GUIDRV_Lin_16.o(.text._GetDevFunc)
 <LI><a href="#[1a]">_Create</a> from BUTTON_Skin.o(.text._Create) referenced 4 times from BUTTON_Skin.o(.data)
 <LI><a href="#[117]">_DrawBitmap</a> from GUIDRV_Lin_16.o(.text._DrawBitmap) referenced 4 times from GUIDRV_Lin_16.o(.rodata)
 <LI><a href="#[160]">_DrawDown</a> from WIDGET_Effect_Simple.o(.text._DrawDown) referenced from WIDGET_Effect_Simple.o(.rodata)
 <LI><a href="#[161]">_DrawDownRect</a> from WIDGET_Effect_Simple.o(.text._DrawDownRect) referenced from WIDGET_Effect_Simple.o(.rodata)
 <LI><a href="#[118]">_DrawHLine</a> from GUIDRV_Lin_16.o(.text._DrawHLine) referenced 4 times from GUIDRV_Lin_16.o(.rodata)
 <LI><a href="#[9b]">_DrawImageAt</a> from IMAGE_BMP.o(.text._DrawImageAt) referenced from IMAGE_BMP.o(.text.IMAGE_SetBMP)
 <LI><a href="#[15]">_DrawLine_RGB</a> from GUI_BMP.o(.text._DrawLine_RGB) referenced 2 times from GUI_BMP.o(.data)
 <LI><a href="#[15]">_DrawLine_RGB</a> from GUI_BMP.o(.text._DrawLine_RGB) referenced 2 times from GUI_BMP.o(.text._Draw)
 <LI><a href="#[15e]">_DrawUp</a> from WIDGET_Effect_Simple.o(.text._DrawUp) referenced from WIDGET_Effect_Simple.o(.rodata)
 <LI><a href="#[15f]">_DrawUpRect</a> from WIDGET_Effect_Simple.o(.text._DrawUpRect) referenced from WIDGET_Effect_Simple.o(.rodata)
 <LI><a href="#[119]">_DrawVLine</a> from GUIDRV_Lin_16.o(.text._DrawVLine) referenced 4 times from GUIDRV_Lin_16.o(.rodata)
 <LI><a href="#[135]">_Encode</a> from GUI_UC_EncodeNone.o(.text._Encode) referenced from GUI_UC_EncodeNone.o(.rodata)
 <LI><a href="#[b7]">_FillPolygon</a> from GUIDEV_Measure.o(.text._FillPolygon) referenced from GUIDEV_Measure.o(.text._GetDevFunc)
 <LI><a href="#[b6]">_FillPolygonAA</a> from GUIDEV_Measure.o(.text._FillPolygonAA) referenced from GUIDEV_Measure.o(.text._GetDevFunc)
 <LI><a href="#[11a]">_FillRect</a> from GUIDRV_Lin_16.o(.text._FillRect) referenced 4 times from GUIDRV_Lin_16.o(.rodata)
 <LI><a href="#[15c]">_GUI_USAGE_BM_Delete</a> from GUIDEV_UsageBM.o(.text._GUI_USAGE_BM_Delete) referenced from GUIDEV_UsageBM.o(.rodata)
 <LI><a href="#[1d]">_GetBorderSize</a> from FRAMEWIN_Skin.o(.text._GetBorderSize) referenced 2 times from FRAMEWIN_Skin.o(.data)
 <LI><a href="#[132]">_GetCharCode</a> from GUI_UC_EncodeNone.o(.text._GetCharCode) referenced from GUI_UC_EncodeNone.o(.rodata)
 <LI><a href="#[133]">_GetCharSize</a> from GUI_UC_EncodeNone.o(.text._GetCharSize) referenced from GUI_UC_EncodeNone.o(.rodata)
 <LI><a href="#[121]">_GetDevData</a> from GUIDRV_Lin_16.o(.text._GetDevData) referenced 4 times from GUIDRV_Lin_16.o(.rodata)
 <LI><a href="#[11f]">_GetDevFunc</a> from GUIDRV_Lin_16.o(.text._GetDevFunc) referenced 4 times from GUIDRV_Lin_16.o(.rodata)
 <LI><a href="#[120]">_GetDevProp</a> from GUIDRV_Lin_16.o(.text._GetDevProp) referenced 4 times from GUIDRV_Lin_16.o(.rodata)
 <LI><a href="#[9a]">_GetImageSize</a> from IMAGE_BMP.o(.text._GetImageSize) referenced from IMAGE_BMP.o(.text.IMAGE_SetBMP)
 <LI><a href="#[158]">_GetIndexMask_0</a> from GUICC_0.o(.text._GetIndexMask_0) referenced from GUICC_0.o(.rodata)
 <LI><a href="#[131]">_GetIndexMask_16</a> from GUICC_16.o(.text._GetIndexMask_16) referenced from GUICC_16.o(.rodata)
 <LI><a href="#[d3]">_GetIndexMask_1616I</a> from GUICC_1616I.o(.text._GetIndexMask_1616I) referenced from GUICC_1616I.o(.rodata)
 <LI><a href="#[f7]">_GetIndexMask_565</a> from GUICC_565.o(.text._GetIndexMask_565) referenced from GUICC_565.o(.rodata)
 <LI><a href="#[d8]">_GetIndexMask_822216</a> from GUICC_822216.o(.text._GetIndexMask_822216) referenced from GUICC_822216.o(.rodata)
 <LI><a href="#[db]">_GetIndexMask_84444</a> from GUICC_84444.o(.text._GetIndexMask_84444) referenced from GUICC_84444.o(.rodata)
 <LI><a href="#[de]">_GetIndexMask_8666</a> from GUICC_8666.o(.text._GetIndexMask_8666) referenced from GUICC_8666.o(.rodata)
 <LI><a href="#[e1]">_GetIndexMask_8666_1</a> from GUICC_8666_1.o(.text._GetIndexMask_8666_1) referenced from GUICC_8666_1.o(.rodata)
 <LI><a href="#[e4]">_GetIndexMask_88666I</a> from GUICC_88666I.o(.text._GetIndexMask_88666I) referenced from GUICC_88666I.o(.rodata)
 <LI><a href="#[fc]">_GetIndexMask_888</a> from GUICC_888.o(.text._GetIndexMask_888) referenced from GUICC_888.o(.rodata)
 <LI><a href="#[101]">_GetIndexMask_8888</a> from GUICC_8888.o(.text._GetIndexMask_8888) referenced from GUICC_8888.o(.rodata)
 <LI><a href="#[e9]">_GetIndexMask_M1555I</a> from GUICC_M1555I.o(.text._GetIndexMask_M1555I) referenced from GUICC_M1555I.o(.rodata)
 <LI><a href="#[ee]">_GetIndexMask_M4444I</a> from GUICC_M4444I.o(.text._GetIndexMask_M4444I) referenced from GUICC_M4444I.o(.rodata)
 <LI><a href="#[106]">_GetIndexMask_M565</a> from GUICC_M565.o(.text._GetIndexMask_M565) referenced from GUICC_M565.o(.rodata)
 <LI><a href="#[10a]">_GetIndexMask_M888</a> from GUICC_M888.o(.text._GetIndexMask_M888) referenced from GUICC_M888.o(.rodata)
 <LI><a href="#[10f]">_GetIndexMask_M8888</a> from GUICC_M8888.o(.text._GetIndexMask_M8888) referenced from GUICC_M8888.o(.rodata)
 <LI><a href="#[f2]">_GetIndexMask_M8888I</a> from GUICC_M8888I.o(.text._GetIndexMask_M8888I) referenced from GUICC_M8888I.o(.rodata)
 <LI><a href="#[11b]">_GetPixelIndex</a> from GUIDRV_Lin_16.o(.text._GetPixelIndex) referenced 4 times from GUIDRV_Lin_16.o(.rodata)
 <LI><a href="#[a6]">_GetPos</a> from GUIDRV_Lin_16.o(.text._GetPos) referenced from GUIDRV_Lin_16.o(.text._GetDevFunc)
 <LI><a href="#[122]">_GetRect</a> from GUIDRV_Lin_16.o(.text._GetRect) referenced 4 times from GUIDRV_Lin_16.o(.rodata)
 <LI><a href="#[a3]">_Index2ColorBitfields</a> from GUI_BMP.o(.text._Index2ColorBitfields) referenced from GUI_BMP.o(.text._Draw)
 <LI><a href="#[f9]">_Index2ColorBulk</a> from GUICC_565.o(.text._Index2ColorBulk) referenced 6 times from GUICC_565.o(.rodata)
 <LI><a href="#[d5]">_Index2ColorBulk_1616I</a> from GUICC_1616I.o(.text._Index2ColorBulk_1616I) referenced from GUICC_1616I.o(.rodata)
 <LI><a href="#[e6]">_Index2ColorBulk_88666I</a> from GUICC_88666I.o(.text._Index2ColorBulk_88666I) referenced from GUICC_88666I.o(.rodata)
 <LI><a href="#[eb]">_Index2ColorBulk_M1555I</a> from GUICC_M1555I.o(.text._Index2ColorBulk_M1555I) referenced from GUICC_M1555I.o(.rodata)
 <LI><a href="#[c2]">_Index2ColorBulk_M1555I_DMA2D</a> from stemwin_wrapper.o(i._Index2ColorBulk_M1555I_DMA2D) referenced from stemwin_wrapper.o(i.LCD_X_Config)
 <LI><a href="#[f0]">_Index2ColorBulk_M4444I</a> from GUICC_M4444I.o(.text._Index2ColorBulk_M4444I) referenced from GUICC_M4444I.o(.rodata)
 <LI><a href="#[c6]">_Index2ColorBulk_M4444I_DMA2D</a> from stemwin_wrapper.o(i._Index2ColorBulk_M4444I_DMA2D) referenced from stemwin_wrapper.o(i.LCD_X_Config)
 <LI><a href="#[c4]">_Index2ColorBulk_M565_DMA2D</a> from stemwin_wrapper.o(i._Index2ColorBulk_M565_DMA2D) referenced from stemwin_wrapper.o(i.LCD_X_Config)
 <LI><a href="#[f4]">_Index2ColorBulk_M8888I</a> from GUICC_M8888I.o(.text._Index2ColorBulk_M8888I) referenced from GUICC_M8888I.o(.rodata)
 <LI><a href="#[ca]">_Index2ColorBulk_M8888I_DMA2D</a> from stemwin_wrapper.o(i._Index2ColorBulk_M8888I_DMA2D) referenced from stemwin_wrapper.o(i.LCD_X_Config)
 <LI><a href="#[c8]">_Index2ColorBulk_M888_DMA2D</a> from stemwin_wrapper.o(i._Index2ColorBulk_M888_DMA2D) referenced from stemwin_wrapper.o(i.LCD_X_Config)
 <LI><a href="#[157]">_Index2Color_0</a> from GUICC_0.o(.text._Index2Color_0) referenced from GUICC_0.o(.rodata)
 <LI><a href="#[130]">_Index2Color_16</a> from GUICC_16.o(.text._Index2Color_16) referenced from GUICC_16.o(.rodata)
 <LI><a href="#[d2]">_Index2Color_1616I</a> from GUICC_1616I.o(.text._Index2Color_1616I) referenced from GUICC_1616I.o(.rodata)
 <LI><a href="#[d7]">_Index2Color_822216</a> from GUICC_822216.o(.text._Index2Color_822216) referenced from GUICC_822216.o(.rodata)
 <LI><a href="#[da]">_Index2Color_84444</a> from GUICC_84444.o(.text._Index2Color_84444) referenced from GUICC_84444.o(.rodata)
 <LI><a href="#[e0]">_Index2Color_8666_1</a> from GUICC_8666_1.o(.text._Index2Color_8666_1) referenced from GUICC_8666_1.o(.rodata)
 <LI><a href="#[e3]">_Index2Color_88666I</a> from GUICC_88666I.o(.text._Index2Color_88666I) referenced from GUICC_88666I.o(.rodata)
 <LI><a href="#[e8]">_Index2Color_M1555I</a> from GUICC_M1555I.o(.text._Index2Color_M1555I) referenced from GUICC_M1555I.o(.rodata)
 <LI><a href="#[ed]">_Index2Color_M4444I</a> from GUICC_M4444I.o(.text._Index2Color_M4444I) referenced from GUICC_M4444I.o(.rodata)
 <LI><a href="#[10e]">_Index2Color_M8888</a> from GUICC_M8888.o(.text._Index2Color_M8888) referenced from GUICC_M8888.o(.rodata)
 <LI><a href="#[b3]">_Init</a> from GUIDRV_Lin_16.o(.text._Init) referenced from GUIDRV_Lin_16.o(.text._GetDevFunc)
 <LI><a href="#[cc]">_LCD_DrawBitmapAlpha</a> from stemwin_wrapper.o(i._LCD_DrawBitmapAlpha) referenced from stemwin_wrapper.o(i.LCD_X_Config)
 <LI><a href="#[cd]">_LCD_DrawMemdevAlpha</a> from stemwin_wrapper.o(i._LCD_DrawMemdevAlpha) referenced from stemwin_wrapper.o(i.LCD_X_Config)
 <LI><a href="#[16]">_Log2VisBuffered</a> from GUI_CharLine.o(.text._Log2VisBuffered) referenced 2 times from GUI_CharLine.o(.data)
 <LI><a href="#[14]">_NextPixel_End</a> from GUI_BMP.o(.text._NextPixel_End) referenced 2 times from GUI_BMP.o(.data)
 <LI><a href="#[13]">_NextPixel_NextLine</a> from GUI_BMP.o(.text._NextPixel_NextLine) referenced 2 times from GUI_BMP.o(.data)
 <LI><a href="#[12]">_NextPixel_SetPixel</a> from GUI_BMP.o(.text._NextPixel_SetPixel) referenced 2 times from GUI_BMP.o(.data)
 <LI><a href="#[11]">_NextPixel_Start</a> from GUI_BMP.o(.text._NextPixel_Start) referenced 2 times from GUI_BMP.o(.data)
 <LI><a href="#[b1]">_Off</a> from GUIDRV_Lin_16.o(.text._Off) referenced from GUIDRV_Lin_16.o(.text._GetDevFunc)
 <LI><a href="#[b2]">_On</a> from GUIDRV_Lin_16.o(.text._On) referenced from GUIDRV_Lin_16.o(.text._GetDevFunc)
 <LI><a href="#[92]">_OnExit</a> from GUI_PID.o(.text._OnExit) referenced from GUI_PID.o(.text.GUI_PID_StoreState)
 <LI><a href="#[93]">_OnExit</a> from GUI__Alpha.o(.text._OnExit) referenced from GUI__Alpha.o(.text.GUI__AllocAlphaBuffer)
 <LI><a href="#[94]">_OnExit</a> from GUI_Core.o(.text._OnExit) referenced from GUI_Core.o(.text.GUI__Config)
 <LI><a href="#[93]">_OnExit</a> from GUI__Alpha.o(.text._OnExit) referenced from GUI__Alpha.o(.text.GUI__DoAlphaBlending)
 <LI><a href="#[9c]">_OnExit</a> from LCD_Color.o(.text._OnExit) referenced from LCD_Color.o(.text.LCD_InitColors)
 <LI><a href="#[a0]">_OnExit</a> from WM.o(.text._OnExit) referenced from WM.o(.text.WM_Init)
 <LI><a href="#[d]">_OnTouchDefault</a> from BUTTON.o(.text._OnTouchDefault) referenced 2 times from BUTTON.o(.data)
 <LI><a href="#[19]">_Paint</a> from BUTTON_Skin.o(.text._Paint) referenced 4 times from BUTTON_Skin.o(.data)
 <LI><a href="#[97]">_Paint</a> from IMAGE.o(.text._Paint) referenced from IMAGE.o(.text.IMAGE_CreateIndirect)
 <LI><a href="#[98]">_PaintTiled</a> from IMAGE.o(.text._PaintTiled) referenced from IMAGE.o(.text.IMAGE_CreateIndirect)
 <LI><a href="#[a9]">_ReadRect</a> from GUIDRV_Lin_16.o(.text._ReadRect) referenced from GUIDRV_Lin_16.o(.text._GetDevFunc)
 <LI><a href="#[a8]">_SetAlpha</a> from GUIDRV_Lin_16.o(.text._SetAlpha) referenced from GUIDRV_Lin_16.o(.text._GetDevFunc)
 <LI><a href="#[b0]">_SetAlphaMode</a> from GUIDRV_Lin_16.o(.text._SetAlphaMode) referenced from GUIDRV_Lin_16.o(.text._GetDevFunc)
 <LI><a href="#[115]">_SetBkColor</a> from LCD.o(.text._SetBkColor) referenced from LCD.o(.rodata)
 <LI><a href="#[ae]">_SetChroma</a> from GUIDRV_Lin_16.o(.text._SetChroma) referenced from GUIDRV_Lin_16.o(.text._GetDevFunc)
 <LI><a href="#[af]">_SetChromaMode</a> from GUIDRV_Lin_16.o(.text._SetChromaMode) referenced from GUIDRV_Lin_16.o(.text._GetDevFunc)
 <LI><a href="#[114]">_SetColor</a> from LCD.o(.text._SetColor) referenced from LCD.o(.rodata)
 <LI><a href="#[ad]">_SetDevFunc</a> from GUIDRV_Lin_16.o(.text._SetDevFunc) referenced from GUIDRV_Lin_16.o(.text._GetDevFunc)
 <LI><a href="#[116]">_SetDrawMode</a> from LCD.o(.text._SetDrawMode) referenced from LCD.o(.rodata)
 <LI><a href="#[11e]">_SetOrg</a> from GUIDRV_Lin_16.o(.text._SetOrg) referenced 4 times from GUIDRV_Lin_16.o(.rodata)
 <LI><a href="#[11c]">_SetPixelIndex</a> from GUIDRV_Lin_16.o(.text._SetPixelIndex) referenced 4 times from GUIDRV_Lin_16.o(.rodata)
 <LI><a href="#[a7]">_SetPos</a> from GUIDRV_Lin_16.o(.text._SetPos) referenced from GUIDRV_Lin_16.o(.text._GetDevFunc)
 <LI><a href="#[b4]">_SetSize</a> from GUIDRV_Lin_16.o(.text._SetSize) referenced from GUIDRV_Lin_16.o(.text._GetDevFunc)
 <LI><a href="#[a4]">_SetVRAMAddr</a> from GUIDRV_Lin_16.o(.text._SetVRAMAddr) referenced from GUIDRV_Lin_16.o(.text._GetDevFunc)
 <LI><a href="#[aa]">_SetVRAM_BufferPTR</a> from GUIDRV_Lin_16.o(.text._SetVRAM_BufferPTR) referenced from GUIDRV_Lin_16.o(.text._GetDevFunc)
 <LI><a href="#[b5]">_SetVSize</a> from GUIDRV_Lin_16.o(.text._SetVSize) referenced from GUIDRV_Lin_16.o(.text._GetDevFunc)
 <LI><a href="#[a5]">_SetVis</a> from GUIDRV_Lin_16.o(.text._SetVis) referenced from GUIDRV_Lin_16.o(.text._GetDevFunc)
 <LI><a href="#[ab]">_ShowBuffer</a> from GUIDRV_Lin_16.o(.text._ShowBuffer) referenced from GUIDRV_Lin_16.o(.text._GetDevFunc)
 <LI><a href="#[11d]">_XorPixel</a> from GUIDRV_Lin_16.o(.text._XorPixel) referenced 4 times from GUIDRV_Lin_16.o(.rodata)
 <LI><a href="#[8c]">__main</a> from entry.o(.ARM.Collect$$$$00000000) referenced from startup_stm32f746xx.o(.text)
 <LI><a href="#[9f]">_cbBackWin</a> from WM.o(.text._cbBackWin) referenced from WM.o(.text.WM_Init)
 <LI><a href="#[ba]">_cbDialog</a> from framewindlg.o(i._cbDialog) referenced from framewindlg.o(i.CreateFramewin)
 <LI><a href="#[9d]">_cbInvalidateOne</a> from WM_BringToTop.o(.text._cbInvalidateOne) referenced from WM_BringToTop.o(.text.WM_BringToTop)
 <LI><a href="#[9e]">_cbPaintMemDev</a> from WM.o(.text._cbPaintMemDev) referenced from WM.o(.text.WM_Exec)
 <LI><a href="#[0]">ft5336_Init</a> from ft5336.o(i.ft5336_Init) referenced 2 times from ft5336.o(.data)
 <LI><a href="#[1]">ft5336_ReadID</a> from ft5336.o(i.ft5336_ReadID) referenced 2 times from ft5336.o(.data)
 <LI><a href="#[2]">ft5336_Reset</a> from ft5336.o(i.ft5336_Reset) referenced 2 times from ft5336.o(.data)
 <LI><a href="#[7]">ft5336_TS_ClearIT</a> from ft5336.o(i.ft5336_TS_ClearIT) referenced 2 times from ft5336.o(.data)
 <LI><a href="#[4]">ft5336_TS_DetectTouch</a> from ft5336.o(i.ft5336_TS_DetectTouch) referenced 2 times from ft5336.o(.data)
 <LI><a href="#[9]">ft5336_TS_DisableIT</a> from ft5336.o(i.ft5336_TS_DisableIT) referenced 2 times from ft5336.o(.data)
 <LI><a href="#[6]">ft5336_TS_EnableIT</a> from ft5336.o(i.ft5336_TS_EnableIT) referenced 2 times from ft5336.o(.data)
 <LI><a href="#[5]">ft5336_TS_GetXY</a> from ft5336.o(i.ft5336_TS_GetXY) referenced 2 times from ft5336.o(.data)
 <LI><a href="#[8]">ft5336_TS_ITStatus</a> from ft5336.o(i.ft5336_TS_ITStatus) referenced 2 times from ft5336.o(.data)
 <LI><a href="#[3]">ft5336_TS_Start</a> from ft5336.o(i.ft5336_TS_Start) referenced 2 times from ft5336.o(.data)
 <LI><a href="#[8a]">main</a> from main.o(i.main) referenced from entry9a.o(.ARM.Collect$$$$0000000B)
 <LI><a href="#[17]">memcpy</a> from memmove.o(.text) referenced 2 times from GUI__Private.o(.data)
 <LI><a href="#[18]">memset</a> from memseta.o(.text) referenced 2 times from GUI__Private.o(.data)
</UL>
<P>
<H3>
Global Symbols
</H3>
<P><STRONG><a name="[8c]"></a>__main</STRONG> (Thumb, 0 bytes, Stack size unknown bytes, entry.o(.ARM.Collect$$$$00000000))
<BR>[Address Reference Count : 1]<UL><LI> startup_stm32f746xx.o(.text)
</UL>
<P><STRONG><a name="[3c5]"></a>_main_stk</STRONG> (Thumb, 0 bytes, Stack size unknown bytes, entry2.o(.ARM.Collect$$$$00000001))

<P><STRONG><a name="[162]"></a>_main_scatterload</STRONG> (Thumb, 0 bytes, Stack size unknown bytes, entry5.o(.ARM.Collect$$$$00000004))
<BR><BR>[Calls]<UL><LI><a href="#[163]">&gt;&gt;</a>&nbsp;&nbsp;&nbsp;__scatterload
</UL>

<P><STRONG><a name="[169]"></a>__main_after_scatterload</STRONG> (Thumb, 0 bytes, Stack size unknown bytes, entry5.o(.ARM.Collect$$$$00000004))
<BR><BR>[Called By]<UL><LI><a href="#[163]">&gt;&gt;</a>&nbsp;&nbsp;&nbsp;__scatterload
</UL>

<P><STRONG><a name="[3c6]"></a>_main_clock</STRONG> (Thumb, 0 bytes, Stack size unknown bytes, entry7b.o(.ARM.Collect$$$$00000008))

<P><STRONG><a name="[3c7]"></a>_main_cpp_init</STRONG> (Thumb, 0 bytes, Stack size unknown bytes, entry8b.o(.ARM.Collect$$$$0000000A))

<P><STRONG><a name="[3c8]"></a>_main_init</STRONG> (Thumb, 0 bytes, Stack size unknown bytes, entry9a.o(.ARM.Collect$$$$0000000B))

<P><STRONG><a name="[3c9]"></a>__rt_final_cpp</STRONG> (Thumb, 0 bytes, Stack size unknown bytes, entry10a.o(.ARM.Collect$$$$0000000D))

<P><STRONG><a name="[3ca]"></a>__rt_final_exit</STRONG> (Thumb, 0 bytes, Stack size unknown bytes, entry11a.o(.ARM.Collect$$$$0000000F))

<P><STRONG><a name="[1f]"></a>Reset_Handler</STRONG> (Thumb, 8 bytes, Stack size 0 bytes, startup_stm32f746xx.o(.text))
<BR>[Address Reference Count : 1]<UL><LI> startup_stm32f746xx.o(RESET)
</UL>
<P><STRONG><a name="[28]"></a>SysTick_Handler</STRONG> (Thumb, 2 bytes, Stack size 0 bytes, startup_stm32f746xx.o(.text))
<BR><BR>[Calls]<UL><LI><a href="#[28]">&gt;&gt;</a>&nbsp;&nbsp;&nbsp;SysTick_Handler
</UL>
<BR>[Called By]<UL><LI><a href="#[28]">&gt;&gt;</a>&nbsp;&nbsp;&nbsp;SysTick_Handler
</UL>
<BR>[Address Reference Count : 1]<UL><LI> startup_stm32f746xx.o(RESET)
</UL>
<P><STRONG><a name="[3b]"></a>ADC_IRQHandler</STRONG> (Thumb, 0 bytes, Stack size 0 bytes, startup_stm32f746xx.o(.text))
<BR><BR>[Calls]<UL><LI><a href="#[3b]">&gt;&gt;</a>&nbsp;&nbsp;&nbsp;ADC_IRQHandler
</UL>
<BR>[Called By]<UL><LI><a href="#[3b]">&gt;&gt;</a>&nbsp;&nbsp;&nbsp;ADC_IRQHandler
</UL>
<BR>[Address Reference Count : 1]<UL><LI> startup_stm32f746xx.o(RESET)
</UL>
<P><STRONG><a name="[3d]"></a>CAN1_RX0_IRQHandler</STRONG> (Thumb, 0 bytes, Stack size 0 bytes, startup_stm32f746xx.o(.text))
<BR>[Address Reference Count : 1]<UL><LI> startup_stm32f746xx.o(RESET)
</UL>
<P><STRONG><a name="[3e]"></a>CAN1_RX1_IRQHandler</STRONG> (Thumb, 0 bytes, Stack size 0 bytes, startup_stm32f746xx.o(.text))
<BR>[Address Reference Count : 1]<UL><LI> startup_stm32f746xx.o(RESET)
</UL>
<P><STRONG><a name="[3f]"></a>CAN1_SCE_IRQHandler</STRONG> (Thumb, 0 bytes, Stack size 0 bytes, startup_stm32f746xx.o(.text))
<BR>[Address Reference Count : 1]<UL><LI> startup_stm32f746xx.o(RESET)
</UL>
<P><STRONG><a name="[3c]"></a>CAN1_TX_IRQHandler</STRONG> (Thumb, 0 bytes, Stack size 0 bytes, startup_stm32f746xx.o(.text))
<BR>[Address Reference Count : 1]<UL><LI> startup_stm32f746xx.o(RESET)
</UL>
<P><STRONG><a name="[69]"></a>CAN2_RX0_IRQHandler</STRONG> (Thumb, 0 bytes, Stack size 0 bytes, startup_stm32f746xx.o(.text))
<BR>[Address Reference Count : 1]<UL><LI> startup_stm32f746xx.o(RESET)
</UL>
<P><STRONG><a name="[6a]"></a>CAN2_RX1_IRQHandler</STRONG> (Thumb, 0 bytes, Stack size 0 bytes, startup_stm32f746xx.o(.text))
<BR>[Address Reference Count : 1]<UL><LI> startup_stm32f746xx.o(RESET)
</UL>
<P><STRONG><a name="[6b]"></a>CAN2_SCE_IRQHandler</STRONG> (Thumb, 0 bytes, Stack size 0 bytes, startup_stm32f746xx.o(.text))
<BR>[Address Reference Count : 1]<UL><LI> startup_stm32f746xx.o(RESET)
</UL>
<P><STRONG><a name="[68]"></a>CAN2_TX_IRQHandler</STRONG> (Thumb, 0 bytes, Stack size 0 bytes, startup_stm32f746xx.o(.text))
<BR>[Address Reference Count : 1]<UL><LI> startup_stm32f746xx.o(RESET)
</UL>
<P><STRONG><a name="[86]"></a>CEC_IRQHandler</STRONG> (Thumb, 0 bytes, Stack size 0 bytes, startup_stm32f746xx.o(.text))
<BR>[Address Reference Count : 1]<UL><LI> startup_stm32f746xx.o(RESET)
</UL>
<P><STRONG><a name="[77]"></a>DCMI_IRQHandler</STRONG> (Thumb, 0 bytes, Stack size 0 bytes, startup_stm32f746xx.o(.text))
<BR>[Address Reference Count : 1]<UL><LI> startup_stm32f746xx.o(RESET)
</UL>
<P><STRONG><a name="[34]"></a>DMA1_Stream0_IRQHandler</STRONG> (Thumb, 0 bytes, Stack size 0 bytes, startup_stm32f746xx.o(.text))
<BR>[Address Reference Count : 1]<UL><LI> startup_stm32f746xx.o(RESET)
</UL>
<P><STRONG><a name="[35]"></a>DMA1_Stream1_IRQHandler</STRONG> (Thumb, 0 bytes, Stack size 0 bytes, startup_stm32f746xx.o(.text))
<BR>[Address Reference Count : 1]<UL><LI> startup_stm32f746xx.o(RESET)
</UL>
<P><STRONG><a name="[36]"></a>DMA1_Stream2_IRQHandler</STRONG> (Thumb, 0 bytes, Stack size 0 bytes, startup_stm32f746xx.o(.text))
<BR>[Address Reference Count : 1]<UL><LI> startup_stm32f746xx.o(RESET)
</UL>
<P><STRONG><a name="[37]"></a>DMA1_Stream3_IRQHandler</STRONG> (Thumb, 0 bytes, Stack size 0 bytes, startup_stm32f746xx.o(.text))
<BR>[Address Reference Count : 1]<UL><LI> startup_stm32f746xx.o(RESET)
</UL>
<P><STRONG><a name="[38]"></a>DMA1_Stream4_IRQHandler</STRONG> (Thumb, 0 bytes, Stack size 0 bytes, startup_stm32f746xx.o(.text))
<BR>[Address Reference Count : 1]<UL><LI> startup_stm32f746xx.o(RESET)
</UL>
<P><STRONG><a name="[39]"></a>DMA1_Stream5_IRQHandler</STRONG> (Thumb, 0 bytes, Stack size 0 bytes, startup_stm32f746xx.o(.text))
<BR>[Address Reference Count : 1]<UL><LI> startup_stm32f746xx.o(RESET)
</UL>
<P><STRONG><a name="[3a]"></a>DMA1_Stream6_IRQHandler</STRONG> (Thumb, 0 bytes, Stack size 0 bytes, startup_stm32f746xx.o(.text))
<BR>[Address Reference Count : 1]<UL><LI> startup_stm32f746xx.o(RESET)
</UL>
<P><STRONG><a name="[58]"></a>DMA1_Stream7_IRQHandler</STRONG> (Thumb, 0 bytes, Stack size 0 bytes, startup_stm32f746xx.o(.text))
<BR>[Address Reference Count : 1]<UL><LI> startup_stm32f746xx.o(RESET)
</UL>
<P><STRONG><a name="[61]"></a>DMA2_Stream0_IRQHandler</STRONG> (Thumb, 0 bytes, Stack size 0 bytes, startup_stm32f746xx.o(.text))
<BR>[Address Reference Count : 1]<UL><LI> startup_stm32f746xx.o(RESET)
</UL>
<P><STRONG><a name="[62]"></a>DMA2_Stream1_IRQHandler</STRONG> (Thumb, 0 bytes, Stack size 0 bytes, startup_stm32f746xx.o(.text))
<BR>[Address Reference Count : 1]<UL><LI> startup_stm32f746xx.o(RESET)
</UL>
<P><STRONG><a name="[63]"></a>DMA2_Stream2_IRQHandler</STRONG> (Thumb, 0 bytes, Stack size 0 bytes, startup_stm32f746xx.o(.text))
<BR>[Address Reference Count : 1]<UL><LI> startup_stm32f746xx.o(RESET)
</UL>
<P><STRONG><a name="[64]"></a>DMA2_Stream3_IRQHandler</STRONG> (Thumb, 0 bytes, Stack size 0 bytes, startup_stm32f746xx.o(.text))
<BR>[Address Reference Count : 1]<UL><LI> startup_stm32f746xx.o(RESET)
</UL>
<P><STRONG><a name="[65]"></a>DMA2_Stream4_IRQHandler</STRONG> (Thumb, 0 bytes, Stack size 0 bytes, startup_stm32f746xx.o(.text))
<BR>[Address Reference Count : 1]<UL><LI> startup_stm32f746xx.o(RESET)
</UL>
<P><STRONG><a name="[6d]"></a>DMA2_Stream5_IRQHandler</STRONG> (Thumb, 0 bytes, Stack size 0 bytes, startup_stm32f746xx.o(.text))
<BR>[Address Reference Count : 1]<UL><LI> startup_stm32f746xx.o(RESET)
</UL>
<P><STRONG><a name="[6e]"></a>DMA2_Stream6_IRQHandler</STRONG> (Thumb, 0 bytes, Stack size 0 bytes, startup_stm32f746xx.o(.text))
<BR>[Address Reference Count : 1]<UL><LI> startup_stm32f746xx.o(RESET)
</UL>
<P><STRONG><a name="[6f]"></a>DMA2_Stream7_IRQHandler</STRONG> (Thumb, 0 bytes, Stack size 0 bytes, startup_stm32f746xx.o(.text))
<BR>[Address Reference Count : 1]<UL><LI> startup_stm32f746xx.o(RESET)
</UL>
<P><STRONG><a name="[66]"></a>ETH_IRQHandler</STRONG> (Thumb, 0 bytes, Stack size 0 bytes, startup_stm32f746xx.o(.text))
<BR>[Address Reference Count : 1]<UL><LI> startup_stm32f746xx.o(RESET)
</UL>
<P><STRONG><a name="[67]"></a>ETH_WKUP_IRQHandler</STRONG> (Thumb, 0 bytes, Stack size 0 bytes, startup_stm32f746xx.o(.text))
<BR>[Address Reference Count : 1]<UL><LI> startup_stm32f746xx.o(RESET)
</UL>
<P><STRONG><a name="[2f]"></a>EXTI0_IRQHandler</STRONG> (Thumb, 0 bytes, Stack size 0 bytes, startup_stm32f746xx.o(.text))
<BR>[Address Reference Count : 1]<UL><LI> startup_stm32f746xx.o(RESET)
</UL>
<P><STRONG><a name="[51]"></a>EXTI15_10_IRQHandler</STRONG> (Thumb, 0 bytes, Stack size 0 bytes, startup_stm32f746xx.o(.text))
<BR>[Address Reference Count : 1]<UL><LI> startup_stm32f746xx.o(RESET)
</UL>
<P><STRONG><a name="[30]"></a>EXTI1_IRQHandler</STRONG> (Thumb, 0 bytes, Stack size 0 bytes, startup_stm32f746xx.o(.text))
<BR>[Address Reference Count : 1]<UL><LI> startup_stm32f746xx.o(RESET)
</UL>
<P><STRONG><a name="[31]"></a>EXTI2_IRQHandler</STRONG> (Thumb, 0 bytes, Stack size 0 bytes, startup_stm32f746xx.o(.text))
<BR>[Address Reference Count : 1]<UL><LI> startup_stm32f746xx.o(RESET)
</UL>
<P><STRONG><a name="[32]"></a>EXTI3_IRQHandler</STRONG> (Thumb, 0 bytes, Stack size 0 bytes, startup_stm32f746xx.o(.text))
<BR>[Address Reference Count : 1]<UL><LI> startup_stm32f746xx.o(RESET)
</UL>
<P><STRONG><a name="[33]"></a>EXTI4_IRQHandler</STRONG> (Thumb, 0 bytes, Stack size 0 bytes, startup_stm32f746xx.o(.text))
<BR>[Address Reference Count : 1]<UL><LI> startup_stm32f746xx.o(RESET)
</UL>
<P><STRONG><a name="[40]"></a>EXTI9_5_IRQHandler</STRONG> (Thumb, 0 bytes, Stack size 0 bytes, startup_stm32f746xx.o(.text))
<BR>[Address Reference Count : 1]<UL><LI> startup_stm32f746xx.o(RESET)
</UL>
<P><STRONG><a name="[2d]"></a>FLASH_IRQHandler</STRONG> (Thumb, 0 bytes, Stack size 0 bytes, startup_stm32f746xx.o(.text))
<BR>[Address Reference Count : 1]<UL><LI> startup_stm32f746xx.o(RESET)
</UL>
<P><STRONG><a name="[59]"></a>FMC_IRQHandler</STRONG> (Thumb, 0 bytes, Stack size 0 bytes, startup_stm32f746xx.o(.text))
<BR>[Address Reference Count : 1]<UL><LI> startup_stm32f746xx.o(RESET)
</UL>
<P><STRONG><a name="[79]"></a>FPU_IRQHandler</STRONG> (Thumb, 0 bytes, Stack size 0 bytes, startup_stm32f746xx.o(.text))
<BR>[Address Reference Count : 1]<UL><LI> startup_stm32f746xx.o(RESET)
</UL>
<P><STRONG><a name="[49]"></a>I2C1_ER_IRQHandler</STRONG> (Thumb, 0 bytes, Stack size 0 bytes, startup_stm32f746xx.o(.text))
<BR>[Address Reference Count : 1]<UL><LI> startup_stm32f746xx.o(RESET)
</UL>
<P><STRONG><a name="[48]"></a>I2C1_EV_IRQHandler</STRONG> (Thumb, 0 bytes, Stack size 0 bytes, startup_stm32f746xx.o(.text))
<BR>[Address Reference Count : 1]<UL><LI> startup_stm32f746xx.o(RESET)
</UL>
<P><STRONG><a name="[4b]"></a>I2C2_ER_IRQHandler</STRONG> (Thumb, 0 bytes, Stack size 0 bytes, startup_stm32f746xx.o(.text))
<BR>[Address Reference Count : 1]<UL><LI> startup_stm32f746xx.o(RESET)
</UL>
<P><STRONG><a name="[4a]"></a>I2C2_EV_IRQHandler</STRONG> (Thumb, 0 bytes, Stack size 0 bytes, startup_stm32f746xx.o(.text))
<BR>[Address Reference Count : 1]<UL><LI> startup_stm32f746xx.o(RESET)
</UL>
<P><STRONG><a name="[72]"></a>I2C3_ER_IRQHandler</STRONG> (Thumb, 0 bytes, Stack size 0 bytes, startup_stm32f746xx.o(.text))
<BR>[Address Reference Count : 1]<UL><LI> startup_stm32f746xx.o(RESET)
</UL>
<P><STRONG><a name="[71]"></a>I2C3_EV_IRQHandler</STRONG> (Thumb, 0 bytes, Stack size 0 bytes, startup_stm32f746xx.o(.text))
<BR>[Address Reference Count : 1]<UL><LI> startup_stm32f746xx.o(RESET)
</UL>
<P><STRONG><a name="[88]"></a>I2C4_ER_IRQHandler</STRONG> (Thumb, 0 bytes, Stack size 0 bytes, startup_stm32f746xx.o(.text))
<BR>[Address Reference Count : 1]<UL><LI> startup_stm32f746xx.o(RESET)
</UL>
<P><STRONG><a name="[87]"></a>I2C4_EV_IRQHandler</STRONG> (Thumb, 0 bytes, Stack size 0 bytes, startup_stm32f746xx.o(.text))
<BR>[Address Reference Count : 1]<UL><LI> startup_stm32f746xx.o(RESET)
</UL>
<P><STRONG><a name="[85]"></a>LPTIM1_IRQHandler</STRONG> (Thumb, 0 bytes, Stack size 0 bytes, startup_stm32f746xx.o(.text))
<BR>[Address Reference Count : 1]<UL><LI> startup_stm32f746xx.o(RESET)
</UL>
<P><STRONG><a name="[81]"></a>LTDC_ER_IRQHandler</STRONG> (Thumb, 0 bytes, Stack size 0 bytes, startup_stm32f746xx.o(.text))
<BR>[Address Reference Count : 1]<UL><LI> startup_stm32f746xx.o(RESET)
</UL>
<P><STRONG><a name="[53]"></a>OTG_FS_WKUP_IRQHandler</STRONG> (Thumb, 0 bytes, Stack size 0 bytes, startup_stm32f746xx.o(.text))
<BR>[Address Reference Count : 1]<UL><LI> startup_stm32f746xx.o(RESET)
</UL>
<P><STRONG><a name="[74]"></a>OTG_HS_EP1_IN_IRQHandler</STRONG> (Thumb, 0 bytes, Stack size 0 bytes, startup_stm32f746xx.o(.text))
<BR>[Address Reference Count : 1]<UL><LI> startup_stm32f746xx.o(RESET)
</UL>
<P><STRONG><a name="[73]"></a>OTG_HS_EP1_OUT_IRQHandler</STRONG> (Thumb, 0 bytes, Stack size 0 bytes, startup_stm32f746xx.o(.text))
<BR>[Address Reference Count : 1]<UL><LI> startup_stm32f746xx.o(RESET)
</UL>
<P><STRONG><a name="[76]"></a>OTG_HS_IRQHandler</STRONG> (Thumb, 0 bytes, Stack size 0 bytes, startup_stm32f746xx.o(.text))
[...]
</UL>
<BR>[Called By]<UL><LI><a href="#[1f0]">&gt;&gt;</a>&nbsp;&nbsp;&nbsp;GUI_MEMDEV_CopyToLCD
</UL>

<P><STRONG><a name="[148]"></a>_GetDevData</STRONG> (Thumb, 16 bytes, Stack size unknown bytes, GUIDEV_16.o(.text._GetDevData))
<BR>[Address Reference Count : 1]<UL><LI> GUIDEV_16.o(.rodata)
</UL>
<P><STRONG><a name="[146]"></a>_GetDevFunc</STRONG> (Thumb, 16 bytes, Stack size unknown bytes, GUIDEV_16.o(.text._GetDevFunc))
<BR>[Address Reference Count : 1]<UL><LI> GUIDEV_16.o(.rodata)
</UL>
<P><STRONG><a name="[145]"></a>_SetOrg</STRONG> (Thumb, 12 bytes, Stack size unknown bytes, GUIDEV_16.o(.text._SetOrg))
<BR>[Address Reference Count : 1]<UL><LI> GUIDEV_16.o(.rodata)
</UL>
<P><STRONG><a name="[149]"></a>_GetRect</STRONG> (Thumb, 56 bytes, Stack size unknown bytes, GUIDEV_16.o(.text._GetRect))
<BR><BR>[Calls]<UL><LI><a href="#[16e]">&gt;&gt;</a>&nbsp;&nbsp;&nbsp;GUI_ALLOC_UnlockH
<LI><a href="#[16d]">&gt;&gt;</a>&nbsp;&nbsp;&nbsp;GUI_ALLOC_LockH
</UL>
<BR>[Address Reference Count : 1]<UL><LI> GUIDEV_16.o(.rodata)
</UL>
<P><STRONG><a name="[13e]"></a>_DrawBitmap</STRONG> (Thumb, 2616 bytes, Stack size unknown bytes, GUIDEV_16.o(.text._DrawBitmap))
<BR><BR>[Calls]<UL><LI><a href="#[16e]">&gt;&gt;</a>&nbsp;&nbsp;&nbsp;GUI_ALLOC_UnlockH
<LI><a href="#[16d]">&gt;&gt;</a>&nbsp;&nbsp;&nbsp;GUI_ALLOC_LockH
<LI><a href="#[2a9]">&gt;&gt;</a>&nbsp;&nbsp;&nbsp;GUI_USAGE_AddRect
</UL>
<BR>[Address Reference Count : 1]<UL><LI> GUIDEV_16.o(.rodata)
</UL>
<P><STRONG><a name="[147]"></a>_GetDevProp</STRONG> (Thumb, 24 bytes, Stack size unknown bytes, GUIDEV_16.o(.text._GetDevProp))
<BR>[Address Reference Count : 1]<UL><LI> GUIDEV_16.o(.rodata)
</UL>
<P><STRONG><a name="[142]"></a>_GetPixelIndex</STRONG> (Thumb, 64 bytes, Stack size unknown bytes, GUIDEV_16.o(.text._GetPixelIndex))
<BR><BR>[Calls]<UL><LI><a href="#[16e]">&gt;&gt;</a>&nbsp;&nbsp;&nbsp;GUI_ALLOC_UnlockH
<LI><a href="#[16d]">&gt;&gt;</a>&nbsp;&nbsp;&nbsp;GUI_ALLOC_LockH
</UL>
<BR>[Address Reference Count : 1]<UL><LI> GUIDEV_16.o(.rodata)
</UL>
<P><STRONG><a name="[143]"></a>_SetPixelIndex</STRONG> (Thumb, 120 bytes, Stack size unknown bytes, GUIDEV_16.o(.text._SetPixelIndex))
<BR><BR>[Calls]<UL><LI><a href="#[16e]">&gt;&gt;</a>&nbsp;&nbsp;&nbsp;GUI_ALLOC_UnlockH
<LI><a href="#[16d]">&gt;&gt;</a>&nbsp;&nbsp;&nbsp;GUI_ALLOC_LockH
</UL>
<BR>[Address Reference Count : 1]<UL><LI> GUIDEV_16.o(.rodata)
</UL>
<P><STRONG><a name="[144]"></a>_XorPixel</STRONG> (Thumb, 132 bytes, Stack size unknown bytes, GUIDEV_16.o(.text._XorPixel))
<BR><BR>[Calls]<UL><LI><a href="#[16e]">&gt;&gt;</a>&nbsp;&nbsp;&nbsp;GUI_ALLOC_UnlockH
<LI><a href="#[16d]">&gt;&gt;</a>&nbsp;&nbsp;&nbsp;GUI_ALLOC_LockH
</UL>
<BR>[Address Reference Count : 1]<UL><LI> GUIDEV_16.o(.rodata)
</UL>
<P><STRONG><a name="[141]"></a>_FillRect</STRONG> (Thumb, 372 bytes, Stack size unknown bytes, GUIDEV_16.o(.text._FillRect))
<BR><BR>[Calls]<UL><LI><a href="#[16e]">&gt;&gt;</a>&nbsp;&nbsp;&nbsp;GUI_ALLOC_UnlockH
<LI><a href="#[16d]">&gt;&gt;</a>&nbsp;&nbsp;&nbsp;GUI_ALLOC_LockH
<LI><a href="#[2a9]">&gt;&gt;</a>&nbsp;&nbsp;&nbsp;GUI_USAGE_AddRect
<LI><a href="#[2aa]">&gt;&gt;</a>&nbsp;&nbsp;&nbsp;GUI__memset16
</UL>
<BR>[Called By]<UL><LI><a href="#[13f]">&gt;&gt;</a>&nbsp;&nbsp;&nbsp;_DrawHLine
</UL>
<BR>[Address Reference Count : 1]<UL><LI> GUIDEV_16.o(.rodata)
</UL>
<P><STRONG><a name="[13f]"></a>_DrawHLine</STRONG> (Thumb, 16 bytes, Stack size unknown bytes, GUIDEV_16.o(.text._DrawHLine))
<BR><BR>[Calls]<UL><LI><a href="#[141]">&gt;&gt;</a>&nbsp;&nbsp;&nbsp;_FillRect
</UL>
<BR>[Address Reference Count : 1]<UL><LI> GUIDEV_16.o(.rodata)
</UL>
<P><STRONG><a name="[140]"></a>_DrawVLine</STRONG> (Thumb, 232 bytes, Stack size unknown bytes, GUIDEV_16.o(.text._DrawVLine))
<BR><BR>[Calls]<UL><LI><a href="#[16e]">&gt;&gt;</a>&nbsp;&nbsp;&nbsp;GUI_ALLOC_UnlockH
<LI><a href="#[16d]">&gt;&gt;</a>&nbsp;&nbsp;&nbsp;GUI_ALLOC_LockH
</UL>
<BR>[Address Reference Count : 1]<UL><LI> GUIDEV_16.o(.rodata)
</UL>
<P><STRONG><a name="[154]"></a>_GetDevData</STRONG> (Thumb, 16 bytes, Stack size unknown bytes, GUIDEV_32.o(.text._GetDevData))
<BR>[Address Reference Count : 1]<UL><LI> GUIDEV_32.o(.rodata)
</UL>
<P><STRONG><a name="[152]"></a>_GetDevFunc</STRONG> (Thumb, 16 bytes, Stack size unknown bytes, GUIDEV_32.o(.text._GetDevFunc))
<BR>[Address Reference Count : 1]<UL><LI> GUIDEV_32.o(.rodata)
</UL>
<P><STRONG><a name="[153]"></a>_GetDevProp</STRONG> (Thumb, 10 bytes, Stack size unknown bytes, GUIDEV_32.o(.text._GetDevProp))
<BR>[Address Reference Count : 1]<UL><LI> GUIDEV_32.o(.rodata)
</UL>
<P><STRONG><a name="[151]"></a>_SetOrg</STRONG> (Thumb, 8 bytes, Stack size unknown bytes, GUIDEV_32.o(.text._SetOrg))
<BR>[Address Reference Count : 1]<UL><LI> GUIDEV_32.o(.rodata)
</UL>
<P><STRONG><a name="[155]"></a>_GetRect</STRONG> (Thumb, 56 bytes, Stack size unknown bytes, GUIDEV_32.o(.text._GetRect))
<BR><BR>[Calls]<UL><LI><a href="#[16e]">&gt;&gt;</a>&nbsp;&nbsp;&nbsp;GUI_ALLOC_UnlockH
<LI><a href="#[16d]">&gt;&gt;</a>&nbsp;&nbsp;&nbsp;GUI_ALLOC_LockH
</UL>
<BR>[Address Reference Count : 1]<UL><LI> GUIDEV_32.o(.rodata)
</UL>
<P><STRONG><a name="[14a]"></a>_DrawBitmap</STRONG> (Thumb, 2496 bytes, Stack size unknown bytes, GUIDEV_32.o(.text._DrawBitmap))
<BR><BR>[Calls]<UL><LI><a href="#[16e]">&gt;&gt;</a>&nbsp;&nbsp;&nbsp;GUI_ALLOC_UnlockH
<LI><a href="#[16d]">&gt;&gt;</a>&nbsp;&nbsp;&nbsp;GUI_ALLOC_LockH
<LI><a href="#[2a9]">&gt;&gt;</a>&nbsp;&nbsp;&nbsp;GUI_USAGE_AddRect
</UL>
<BR>[Address Reference Count : 1]<UL><LI> GUIDEV_32.o(.rodata)
</UL>
<P><STRONG><a name="[14e]"></a>_GetPixelIndex</STRONG> (Thumb, 64 bytes, Stack size unknown bytes, GUIDEV_32.o(.text._GetPixelIndex))
<BR><BR>[Calls]<UL><LI><a href="#[16e]">&gt;&gt;</a>&nbsp;&nbsp;&nbsp;GUI_ALLOC_UnlockH
<LI><a href="#[16d]">&gt;&gt;</a>&nbsp;&nbsp;&nbsp;GUI_ALLOC_LockH
</UL>
<BR>[Address Reference Count : 1]<UL><LI> GUIDEV_32.o(.rodata)
</UL>
<P><STRONG><a name="[14f]"></a>_SetPixelIndex</STRONG> (Thumb, 120 bytes, Stack size unknown bytes, GUIDEV_32.o(.text._SetPixelIndex))
<BR><BR>[Calls]<UL><LI><a href="#[16e]">&gt;&gt;</a>&nbsp;&nbsp;&nbsp;GUI_ALLOC_UnlockH
<LI><a href="#[16d]">&gt;&gt;</a>&nbsp;&nbsp;&nbsp;GUI_ALLOC_LockH
</UL>
<BR>[Address Reference Count : 1]<UL><LI> GUIDEV_32.o(.rodata)
</UL>
<P><STRONG><a name="[150]"></a>_XorPixel</STRONG> (Thumb, 132 bytes, Stack size unknown bytes, GUIDEV_32.o(.text._XorPixel))
<BR><BR>[Calls]<UL><LI><a href="#[16e]">&gt;&gt;</a>&nbsp;&nbsp;&nbsp;GUI_ALLOC_UnlockH
<LI><a href="#[16d]">&gt;&gt;</a>&nbsp;&nbsp;&nbsp;GUI_ALLOC_LockH
</UL>
<BR>[Address Reference Count : 1]<UL><LI> GUIDEV_32.o(.rodata)
</UL>
<P><STRONG><a name="[14d]"></a>_FillRect</STRONG> (Thumb, 236 bytes, Stack size unknown bytes, GUIDEV_32.o(.text._FillRect))
<BR><BR>[Calls]<UL><LI><a href="#[16e]">&gt;&gt;</a>&nbsp;&nbsp;&nbsp;GUI_ALLOC_UnlockH
<LI><a href="#[16d]">&gt;&gt;</a>&nbsp;&nbsp;&nbsp;GUI_ALLOC_LockH
<LI><a href="#[2a9]">&gt;&gt;</a>&nbsp;&nbsp;&nbsp;GUI_USAGE_AddRect
</UL>
<BR>[Called By]<UL><LI><a href="#[14b]">&gt;&gt;</a>&nbsp;&nbsp;&nbsp;_DrawHLine
</UL>
<BR>[Address Reference Count : 1]<UL><LI> GUIDEV_32.o(.rodata)
</UL>
<P><STRONG><a name="[14b]"></a>_DrawHLine</STRONG> (Thumb, 16 bytes, Stack size unknown bytes, GUIDEV_32.o(.text._DrawHLine))
<BR><BR>[Calls]<UL><LI><a href="#[14d]">&gt;&gt;</a>&nbsp;&nbsp;&nbsp;_FillRect
</UL>
<BR>[Address Reference Count : 1]<UL><LI> GUIDEV_32.o(.rodata)
</UL>
<P><STRONG><a name="[14c]"></a>_DrawVLine</STRONG> (Thumb, 228 bytes, Stack size unknown bytes, GUIDEV_32.o(.text._DrawVLine))
<BR><BR>[Calls]<UL><LI><a href="#[16e]">&gt;&gt;</a>&nbsp;&nbsp;&nbsp;GUI_ALLOC_UnlockH
<LI><a href="#[16d]">&gt;&gt;</a>&nbsp;&nbsp;&nbsp;GUI_ALLOC_LockH
</UL>
<BR>[Address Reference Count : 1]<UL><LI> GUIDEV_32.o(.rodata)
</UL>
<P><STRONG><a name="[9d]"></a>_cbInvalidateOne</STRONG> (Thumb, 4 bytes, Stack size unknown bytes, WM_BringToTop.o(.text._cbInvalidateOne))
<BR><BR>[Calls]<UL><LI><a href="#[177]">&gt;&gt;</a>&nbsp;&nbsp;&nbsp;WM_InvalidateWindow
</UL>
<BR>[Address Reference Count : 1]<UL><LI> WM_BringToTop.o(.text.WM_BringToTop)
</UL>
<P><STRONG><a name="[290]"></a>_MoveDescendents</STRONG> (Thumb, 598 bytes, Stack size unknown bytes, WM_Move.o(.text._MoveDescendents))
<BR><BR>[Calls]<UL><LI><a href="#[17d]">&gt;&gt;</a>&nbsp;&nbsp;&nbsp;GUI_MoveRect
<LI><a href="#[16e]">&gt;&gt;</a>&nbsp;&nbsp;&nbsp;GUI_ALLOC_UnlockH
<LI><a href="#[16d]">&gt;&gt;</a>&nbsp;&nbsp;&nbsp;GUI_ALLOC_LockH
<LI><a href="#[18d]">&gt;&gt;</a>&nbsp;&nbsp;&nbsp;WM__SendMessage
<LI><a href="#[290]">&gt;&gt;</a>&nbsp;&nbsp;&nbsp;_MoveDescendents
</UL>
<BR>[Called By]<UL><LI><a href="#[28f]">&gt;&gt;</a>&nbsp;&nbsp;&nbsp;WM_MoveWindow
<LI><a href="#[290]">&gt;&gt;</a>&nbsp;&nbsp;&nbsp;_MoveDescendents
</UL>

<P><STRONG><a name="[1a]"></a>_Create</STRONG> (Thumb, 54 bytes, Stack size unknown bytes, BUTTON_Skin.o(.text._Create))
<BR><BR>[Stack]<UL><LI>Max Depth = 8 + Unknown Stack Size
<LI>Call Chain = _Create &rArr; memset
</UL>
<BR>[Calls]<UL><LI><a href="#[18]">&gt;&gt;</a>&nbsp;&nbsp;&nbsp;memset
<LI><a href="#[16e]">&gt;&gt;</a>&nbsp;&nbsp;&nbsp;GUI_ALLOC_UnlockH
<LI><a href="#[16d]">&gt;&gt;</a>&nbsp;&nbsp;&nbsp;GUI_ALLOC_LockH
</UL>
<BR>[Address Reference Count : 1]<UL><LI> BUTTON_Skin.o(.data)
</UL>
<P><STRONG><a name="[19]"></a>_Paint</STRONG> (Thumb, 134 bytes, Stack size unknown bytes, BUTTON_Skin.o(.text._Paint))
<BR><BR>[Calls]<UL><LI><a href="#[16e]">&gt;&gt;</a>&nbsp;&nbsp;&nbsp;GUI_ALLOC_UnlockH
<LI><a href="#[16d]">&gt;&gt;</a>&nbsp;&nbsp;&nbsp;GUI_ALLOC_LockH
<LI><a href="#[198]">&gt;&gt;</a>&nbsp;&nbsp;&nbsp;WM_GetWindowSizeY
<LI><a href="#[27e]">&gt;&gt;</a>&nbsp;&nbsp;&nbsp;WM_GetWindowSizeX
</UL>
<BR>[Address Reference Count : 1]<UL><LI> BUTTON_Skin.o(.data)
</UL>
<P><STRONG><a name="[1d]"></a>_GetBorderSize</STRONG> (Thumb, 88 bytes, Stack size unknown bytes, FRAMEWIN_Skin.o(.text._GetBorderSize))
<BR><BR>[Calls]<UL><LI><a href="#[16e]">&gt;&gt;</a>&nbsp;&nbsp;&nbsp;GUI_ALLOC_UnlockH
<LI><a href="#[16d]">&gt;&gt;</a>&nbsp;&nbsp;&nbsp;GUI_ALLOC_LockH
</UL>
<BR>[Address Reference Count : 1]<UL><LI> FRAMEWIN_Skin.o(.data)
</UL>
<P><STRONG><a name="[1c]"></a>_Create</STRONG> (Thumb, 44 bytes, Stack size unknown bytes, FRAMEWIN_Skin.o(.text._Create))
<BR><BR>[Calls]<UL><LI><a href="#[16e]">&gt;&gt;</a>&nbsp;&nbsp;&nbsp;GUI_ALLOC_UnlockH
<LI><a href="#[16d]">&gt;&gt;</a>&nbsp;&nbsp;&nbsp;GUI_ALLOC_LockH
</UL>
<BR>[Address Reference Count : 1]<UL><LI> FRAMEWIN_Skin.o(.data)
</UL>
<P><STRONG><a name="[1b]"></a>_Paint</STRONG> (Thumb, 402 bytes, Stack size unknown bytes, FRAMEWIN_Skin.o(.text._Paint))
<BR><BR>[Calls]<UL><LI><a href="#[1c4]">&gt;&gt;</a>&nbsp;&nbsp;&nbsp;WM__GetNextIVR
<LI><a href="#[1c3]">&gt;&gt;</a>&nbsp;&nbsp;&nbsp;WM__InitIVRSearch
<LI><a href="#[17e]">&gt;&gt;</a>&nbsp;&nbsp;&nbsp;GUI_SetTextMode
<LI><a href="#[17b]">&gt;&gt;</a>&nbsp;&nbsp;&nbsp;GUI_SetFont
<LI><a href="#[16e]">&gt;&gt;</a>&nbsp;&nbsp;&nbsp;GUI_ALLOC_UnlockH
<LI><a href="#[16d]">&gt;&gt;</a>&nbsp;&nbsp;&nbsp;GUI_ALLOC_LockH
<LI><a href="#[198]">&gt;&gt;</a>&nbsp;&nbsp;&nbsp;WM_GetWindowSizeY
<LI><a href="#[199]">&gt;&gt;</a>&nbsp;&nbsp;&nbsp;FRAMEWIN__GetTitleLimits
<LI><a href="#[19b]">&gt;&gt;</a>&nbsp;&nbsp;&nbsp;FRAMEWIN__CalcTitleHeight
<LI><a href="#[27e]">&gt;&gt;</a>&nbsp;&nbsp;&nbsp;WM_GetWindowSizeX
</UL>
<BR>[Address Reference Count : 1]<UL><LI> FRAMEWIN_Skin.o(.data)
</UL>
<P><STRONG><a name="[158]"></a>_GetIndexMask_0</STRONG> (Thumb, 74 bytes, Stack size unknown bytes, GUICC_0.o(.text._GetIndexMask_0))
<BR><BR>[Calls]<UL><LI><a href="#[254]">&gt;&gt;</a>&nbsp;&nbsp;&nbsp;LCD_GetNumColors
</UL>
<BR>[Address Reference Count : 1]<UL><LI> GUICC_0.o(.rodata)
</UL>
<P><STRONG><a name="[157]"></a>_Index2Color_0</STRONG> (Thumb, 30 bytes, Stack size unknown bytes, GUICC_0.o(.text._Index2Color_0))
<BR><BR>[Calls]<UL><LI><a href="#[257]">&gt;&gt;</a>&nbsp;&nbsp;&nbsp;LCD_GetPalette
<LI><a href="#[254]">&gt;&gt;</a>&nbsp;&nbsp;&nbsp;LCD_GetNumColors
</UL>
<BR>[Address Reference Count : 1]<UL><LI> GUICC_0.o(.rodata)
</UL>
<P><STRONG><a name="[156]"></a>_Color2Index_0</STRONG> (Thumb, 84 bytes, Stack size unknown bytes, GUICC_0.o(.text._Color2Index_0))
<BR><BR>[Calls]<UL><LI><a href="#[257]">&gt;&gt;</a>&nbsp;&nbsp;&nbsp;LCD_GetPalette
<LI><a href="#[254]">&gt;&gt;</a>&nbsp;&nbsp;&nbsp;LCD_GetNumColors
<LI><a href="#[2a6]">&gt;&gt;</a>&nbsp;&nbsp;&nbsp;GUI_CalcColorDist
</UL>
<BR>[Address Reference Count : 1]<UL><LI> GUICC_0.o(.rodata)
</UL>
<P><STRONG><a name="[159]"></a>GUI_USAGE_BM_AddPixel</STRONG> (Thumb, 44 bytes, Stack size unknown bytes, GUIDEV_UsageBM.o(.text.GUI_USAGE_BM_AddPixel))
<BR>[Address Reference Count : 1]<UL><LI> GUIDEV_UsageBM.o(.rodata)
</UL>
<P><STRONG><a name="[15d]"></a>GUI_USAGE_BM_GetNextDirty</STRONG> (Thumb, 192 bytes, Stack size unknown bytes, GUIDEV_UsageBM.o(.text.GUI_USAGE_BM_GetNextDirty))
<BR>[Address Reference Count : 1]<UL><LI> GUIDEV_UsageBM.o(.rodata)
</UL>
<P><STRONG><a name="[15c]"></a>_GUI_USAGE_BM_Delete</STRONG> (Thumb, 4 bytes, Stack size unknown bytes, GUIDEV_UsageBM.o(.text._GUI_USAGE_BM_Delete))
<BR><BR>[Calls]<UL><LI><a href="#[1b0]">&gt;&gt;</a>&nbsp;&nbsp;&nbsp;GUI_ALLOC_Free
</UL>
<BR>[Address Reference Count : 1]<UL><LI> GUIDEV_UsageBM.o(.rodata)
</UL>
<P><STRONG><a name="[15b]"></a>GUI_USAGE_BM_Clear</STRONG> (Thumb, 20 bytes, Stack size unknown bytes, GUIDEV_UsageBM.o(.text.GUI_USAGE_BM_Clear))
<BR><BR>[Stack]<UL><LI>Max Depth = 8 + Unknown Stack Size
<LI>Call Chain = GUI_USAGE_BM_Clear &rArr; memset
</UL>
<BR>[Calls]<UL><LI><a href="#[18]">&gt;&gt;</a>&nbsp;&nbsp;&nbsp;memset
</UL>
<BR>[Address Reference Count : 1]<UL><LI> GUIDEV_UsageBM.o(.rodata)
</UL>
<P><STRONG><a name="[15a]"></a>GUI_USAGE_BM_AddHLine</STRONG> (Thumb, 114 bytes, Stack size unknown bytes, GUIDEV_UsageBM.o(.text.GUI_USAGE_BM_AddHLine))
<BR><BR>[Stack]<UL><LI>Max Depth = 8 + Unknown Stack Size
<LI>Call Chain = GUI_USAGE_BM_AddHLine &rArr; memset
</UL>
<BR>[Calls]<UL><LI><a href="#[18]">&gt;&gt;</a>&nbsp;&nbsp;&nbsp;memset
</UL>
<BR>[Address Reference Count : 1]<UL><LI> GUIDEV_UsageBM.o(.rodata)
</UL>
<P><STRONG><a name="[21a]"></a>_WriteToActiveAlpha</STRONG> (Thumb, 408 bytes, Stack size unknown bytes, GUIDEV_WriteToActiveAlpha.o(.text._WriteToActiveAlpha))
<BR><BR>[Stack]<UL><LI>Max Depth = 8 + Unknown Stack Size
<LI>Call Chain = _WriteToActiveAlpha &rArr; GUI__AllocAlphaBuffer &rArr; GUI_ALLOC_GetFixedBlock &rArr; _RemoveHoles &rArr; memmove
</UL>
<BR>[Calls]<UL><LI><a href="#[2b1]">&gt;&gt;</a>&nbsp;&nbsp;&nbsp;GUI__CompactPixelIndicesEx
<LI><a href="#[1a9]">&gt;&gt;</a>&nbsp;&nbsp;&nbsp;LCD_DrawBitmap
<LI><a href="#[236]">&gt;&gt;</a>&nbsp;&nbsp;&nbsp;GUI__AllocAlphaBuffer
<LI><a href="#[243]">&gt;&gt;</a>&nbsp;&nbsp;&nbsp;GUI__DoAlphaBlending
<LI><a href="#[16e]">&gt;&gt;</a>&nbsp;&nbsp;&nbsp;GUI_ALLOC_UnlockH
<LI><a href="#[16d]">&gt;&gt;</a>&nbsp;&nbsp;&nbsp;GUI_ALLOC_LockH
<LI><a href="#[20e]">&gt;&gt;</a>&nbsp;&nbsp;&nbsp;GUI_MEMDEV_GetDataPtr
</UL>
<BR>[Called By]<UL><LI><a href="#[b9]">&gt;&gt;</a>&nbsp;&nbsp;&nbsp;GUI_MEMDEV__WriteToActiveAlpha
</UL>

<P><STRONG><a name="[297]"></a>_Screen2hWin</STRONG> (Thumb, 932 bytes, Stack size unknown bytes, WM_Screen2Win.o(.text._Screen2hWin))
<BR><BR>[Calls]<UL><LI><a href="#[297]">&gt;&gt;</a>&nbsp;&nbsp;&nbsp;_Screen2hWin
<LI><a href="#[16e]">&gt;&gt;</a>&nbsp;&nbsp;&nbsp;GUI_ALLOC_UnlockH
<LI><a href="#[16d]">&gt;&gt;</a>&nbsp;&nbsp;&nbsp;GUI_ALLOC_LockH
<LI><a href="#[1cd]">&gt;&gt;</a>&nbsp;&nbsp;&nbsp;GUI_ALLOC_h2p
</UL>
<BR>[Called By]<UL><LI><a href="#[297]">&gt;&gt;</a>&nbsp;&nbsp;&nbsp;_Screen2hWin
<LI><a href="#[286]">&gt;&gt;</a>&nbsp;&nbsp;&nbsp;WM_Screen2hWin
</UL>

<P><STRONG><a name="[161]"></a>_DrawDownRect</STRONG> (Thumb, 56 bytes, Stack size unknown bytes, WIDGET_Effect_Simple.o(.text._DrawDownRect))
<BR><BR>[Stack]<UL><LI>Max Depth = 8 + Unknown Stack Size
<LI>Call Chain = _DrawDownRect &rArr; GUI_RestoreContext &rArr; memcpy
</UL>
<BR>[Calls]<UL><LI><a href="#[1a7]">&gt;&gt;</a>&nbsp;&nbsp;&nbsp;LCD_SetColor
<LI><a href="#[227]">&gt;&gt;</a>&nbsp;&nbsp;&nbsp;GUI_RestoreContext
<LI><a href="#[22c]">&gt;&gt;</a>&nbsp;&nbsp;&nbsp;GUI_SaveContext_W
<LI><a href="#[179]">&gt;&gt;</a>&nbsp;&nbsp;&nbsp;GUI_DrawRect
</UL>
<BR>[Address Reference Count : 1]<UL><LI> WIDGET_Effect_Simple.o(.rodata)
</UL>
<P><STRONG><a name="[15e]"></a>_DrawUp</STRONG> (Thumb, 60 bytes, Stack size unknown bytes, WIDGET_Effect_Simple.o(.text._DrawUp))
<BR><BR>[Stack]<UL><LI>Max Depth = 8 + Unknown Stack Size
<LI>Call Chain = _DrawUp &rArr; GUI_RestoreContext &rArr; memcpy
</UL>
<BR>[Calls]<UL><LI><a href="#[1a7]">&gt;&gt;</a>&nbsp;&nbsp;&nbsp;LCD_SetColor
<LI><a href="#[227]">&gt;&gt;</a>&nbsp;&nbsp;&nbsp;GUI_RestoreContext
<LI><a href="#[22c]">&gt;&gt;</a>&nbsp;&nbsp;&nbsp;GUI_SaveContext_W
<LI><a href="#[1de]">&gt;&gt;</a>&nbsp;&nbsp;&nbsp;WM_GetClientRect
<LI><a href="#[179]">&gt;&gt;</a>&nbsp;&nbsp;&nbsp;GUI_DrawRect
</UL>
<BR>[Address Reference Count : 1]<UL><LI> WIDGET_Effect_Simple.o(.rodata)
</UL>
<P><STRONG><a name="[15f]"></a>_DrawUpRect</STRONG> (Thumb, 56 bytes, Stack size unknown bytes, WIDGET_Effect_Simple.o(.text._DrawUpRect))
<BR><BR>[Stack]<UL><LI>Max Depth = 8 + Unknown Stack Size
<LI>Call Chain = _DrawUpRect &rArr; GUI_RestoreContext &rArr; memcpy
</UL>
<BR>[Calls]<UL><LI><a href="#[1a7]">&gt;&gt;</a>&nbsp;&nbsp;&nbsp;LCD_SetColor
<LI><a href="#[227]">&gt;&gt;</a>&nbsp;&nbsp;&nbsp;GUI_RestoreContext
<LI><a href="#[22c]">&gt;&gt;</a>&nbsp;&nbsp;&nbsp;GUI_SaveContext_W
<LI><a href="#[179]">&gt;&gt;</a>&nbsp;&nbsp;&nbsp;GUI_DrawRect
</UL>
<BR>[Address Reference Count : 1]<UL><LI> WIDGET_Effect_Simple.o(.rodata)
</UL>
<P><STRONG><a name="[160]"></a>_DrawDown</STRONG> (Thumb, 60 bytes, Stack size unknown bytes, WIDGET_Effect_Simple.o(.text._DrawDown))
<BR><BR>[Stack]<UL><LI>Max Depth = 8 + Unknown Stack Size
<LI>Call Chain = _DrawDown &rArr; GUI_RestoreContext &rArr; memcpy
</UL>
<BR>[Calls]<UL><LI><a href="#[1a7]">&gt;&gt;</a>&nbsp;&nbsp;&nbsp;LCD_SetColor
<LI><a href="#[227]">&gt;&gt;</a>&nbsp;&nbsp;&nbsp;GUI_RestoreContext
<LI><a href="#[22c]">&gt;&gt;</a>&nbsp;&nbsp;&nbsp;GUI_SaveContext_W
<LI><a href="#[1de]">&gt;&gt;</a>&nbsp;&nbsp;&nbsp;WM_GetClientRect
<LI><a href="#[179]">&gt;&gt;</a>&nbsp;&nbsp;&nbsp;GUI_DrawRect
</UL>
<BR>[Address Reference Count : 1]<UL><LI> WIDGET_Effect_Simple.o(.rodata)
</UL>
<P><STRONG><a name="[228]"></a>_CreateBuffer.isra.4</STRONG> (Thumb, 180 bytes, Stack size unknown bytes, GUI_SPRITE.o(.text._CreateBuffer.isra.4))
<BR><BR>[Stack]<UL><LI>Max Depth = 8 + Unknown Stack Size
<LI>Call Chain = _CreateBuffer.isra.4 &rArr; GUI_ALLOC_AllocNoInit &rArr; _Alloc &rArr; _RemoveHoles &rArr; memmove
</UL>
<BR>[Calls]<UL><LI><a href="#[1fc]">&gt;&gt;</a>&nbsp;&nbsp;&nbsp;GUI_DEVICE__GetpDriver
<LI><a href="#[1b5]">&gt;&gt;</a>&nbsp;&nbsp;&nbsp;GUI_ALLOC_GetMaxSize
<LI><a href="#[16d]">&gt;&gt;</a>&nbsp;&nbsp;&nbsp;GUI_ALLOC_LockH
<LI><a href="#[1ad]">&gt;&gt;</a>&nbsp;&nbsp;&nbsp;GUI_ALLOC_AllocNoInit
</UL>
<BR>[Called By]<UL><LI><a href="#[1c1]">&gt;&gt;</a>&nbsp;&nbsp;&nbsp;GUI_SPRITE_SetPosition
</UL>

<P><STRONG><a name="[22a]"></a>_SetBkIndexBuffered</STRONG> (Thumb, 208 bytes, Stack size unknown bytes, GUI_SPRITE.o(.text._SetBkIndexBuffered))
<BR><BR>[Calls]<UL><LI><a href="#[21e]">&gt;&gt;</a>&nbsp;&nbsp;&nbsp;GUI__CompactPixelIndices
</UL>
<BR>[Called By]<UL><LI><a href="#[1c1]">&gt;&gt;</a>&nbsp;&nbsp;&nbsp;GUI_SPRITE_SetPosition
</UL>

<P><STRONG><a name="[22b]"></a>_ReleaseBuffer.isra.7</STRONG> (Thumb, 140 bytes, Stack size unknown bytes, GUI_SPRITE.o(.text._ReleaseBuffer.isra.7))
<BR><BR>[Calls]<UL><LI><a href="#[1b0]">&gt;&gt;</a>&nbsp;&nbsp;&nbsp;GUI_ALLOC_Free
<LI><a href="#[16e]">&gt;&gt;</a>&nbsp;&nbsp;&nbsp;GUI_ALLOC_UnlockH
<LI><a href="#[21e]">&gt;&gt;</a>&nbsp;&nbsp;&nbsp;GUI__CompactPixelIndices
</UL>
<BR>[Called By]<UL><LI><a href="#[1c1]">&gt;&gt;</a>&nbsp;&nbsp;&nbsp;GUI_SPRITE_SetPosition
</UL>
<P>
<H3>
Undefined Global Symbols
</H3><HR></body></html>
